Archive member included to satisfy reference by file (symbol)

/opt/devkitpro/libnds/lib/libnds9.a(boxtest.o)
                              main.o (BoxTestf)
/opt/devkitpro/libnds/lib/libnds9.a(console.o)
                              main.o (consoleDemoInit)
/opt/devkitpro/libnds/lib/libnds9.a(keys.o)
                              main.o (scanKeys)
/opt/devkitpro/libnds/lib/libnds9.a(trig.o)
                              main.o (sinLerp)
/opt/devkitpro/libnds/lib/libnds9.a(videoGL_base.o)
                              main.o (glInit)
/opt/devkitpro/libnds/lib/libnds9.a(videoGL.o)
                              main.o (glGenTextures)
/opt/devkitpro/libnds/lib/libnds9.a(default_font.bin.o)
                              /opt/devkitpro/libnds/lib/libnds9.a(console.o) (default_font_bin)
/opt/devkitpro/libnds/lib/libnds9.a(background.o)
                              /opt/devkitpro/libnds/lib/libnds9.a(console.o) (bgState)
/opt/devkitpro/libnds/lib/libnds9.a(dynamicArray.o)
                              /opt/devkitpro/libnds/lib/libnds9.a(videoGL.o) (DynamicArrayInit)
/opt/devkitpro/libnds/lib/libnds9.a(system.o)
                              /opt/devkitpro/libnds/lib/libnds9.a(videoGL_base.o) (powerOn)
/opt/devkitpro/libnds/lib/libnds9.a(video.o)
                              /opt/devkitpro/libnds/lib/libnds9.a(videoGL.o) (vramSetBanks_EFG)
/opt/devkitpro/calico/lib/libcalico_ds9.a(thread_cold.o)
                              main.o (threadIrqWait)
/opt/devkitpro/calico/lib/libcalico_ds9.a(thread_hot.32.o)
                              /opt/devkitpro/calico/lib/libcalico_ds9.a(thread_cold.o) (__sched_state)
/opt/devkitpro/calico/lib/libcalico_ds9.a(arm-copy-fill.32.o)
                              /opt/devkitpro/calico/lib/libcalico_ds9.a(thread_cold.o) (armCopyMem32)
/opt/devkitpro/calico/lib/libcalico_ds9.a(arm-context.32.o)
                              /opt/devkitpro/calico/lib/libcalico_ds9.a(thread_cold.o) (armContextSave)
/opt/devkitpro/calico/lib/libcalico_ds9.a(arm-shims.32.o)
                              /opt/devkitpro/calico/lib/libcalico_ds9.a(thread_cold.o) (armWaitForIrq)
/opt/devkitpro/calico/lib/libcalico_ds9.a(arm-cache.32.o)
                              /opt/devkitpro/libnds/lib/libnds9.a(videoGL.o) (armDCacheFlush)
/opt/devkitpro/calico/lib/libcalico_ds9.a(bios.o)
                              /opt/devkitpro/libnds/lib/libnds9.a(videoGL.o) (svcCpuSet)
/opt/devkitpro/calico/lib/libcalico_ds9.a(keypad.o)
                              /opt/devkitpro/libnds/lib/libnds9.a(keys.o) (keypadGetState)
/opt/devkitpro/calico/lib/libcalico_ds9.a(pm.o)
                              main.o (pmMainLoop)
/opt/devkitpro/calico/lib/libcalico_ds9.a(bootstub_arm9.o)
                              (__ds9_bootstub)
/opt/devkitpro/calico/lib/libcalico_ds9.a(excpt_handler.32.o)
                              /opt/devkitpro/calico/lib/libcalico_ds9.a(bootstub_arm9.o) (__arm_excpt_rst)
/opt/devkitpro/calico/lib/libcalico_ds9.a(touch.o)
                              /opt/devkitpro/libnds/lib/libnds9.a(keys.o) (touchRead)
/opt/devkitpro/calico/lib/libcalico_ds9.a(tick.o)
                              /opt/devkitpro/calico/lib/libcalico_ds9.a(thread_cold.o) (tickTaskStart)
/opt/devkitpro/calico/lib/libcalico_ds9.a(mailbox.o)
                              /opt/devkitpro/calico/lib/libcalico_ds9.a(pm.o) (mailboxRecv)
/opt/devkitpro/calico/lib/libcalico_ds9.a(newlib_syscalls.o)
                              /opt/devkitpro/calico/lib/libcalico_ds9.a(bootstub_arm9.o) (__newlib_syscalls)
/opt/devkitpro/calico/lib/libcalico_ds9.a(startup.crt0.o)
                              /opt/devkitpro/calico/lib/libcalico_ds9.a(bootstub_arm9.o) (crt0Startup)
/opt/devkitpro/calico/lib/libcalico_ds9.a(utils.crt0.o)
                              /opt/devkitpro/calico/lib/libcalico_ds9.a(startup.crt0.o) (crt0CopyMem32)
/opt/devkitpro/calico/lib/libcalico_ds9.a(irq_handler.32.o)
                              /opt/devkitpro/calico/lib/libcalico_ds9.a(bootstub_arm9.o) (__arm_excpt_irq)
/opt/devkitpro/calico/lib/libcalico_ds9.a(pxi.o)
                              /opt/devkitpro/calico/lib/libcalico_ds9.a(startup.crt0.o) (_pxiInit)
/opt/devkitpro/calico/lib/libcalico_ds9.a(mpu_setup.crt0.o)
                              /opt/devkitpro/calico/lib/libcalico_ds9.a(startup.crt0.o) (crt0SetupMPU)
/opt/devkitpro/calico/lib/libcalico_ds9.a(sys_startup.o)
                              /opt/devkitpro/calico/lib/libcalico_ds9.a(startup.crt0.o) (systemStartup)
/opt/devkitpro/calico/lib/libcalico_ds9.a(irq.o)
                              /opt/devkitpro/calico/lib/libcalico_ds9.a(tick.o) (irqSet)
/opt/devkitpro/calico/lib/libcalico_ds9.a(mutex.o)
                              /opt/devkitpro/calico/lib/libcalico_ds9.a(newlib_syscalls.o) (mutexLock)
/opt/devkitpro/devkitARM/bin/../lib/gcc/arm-none-eabi/15.1.0/../../../../arm-none-eabi/lib/thumb/libstdc++.a(guard.o)
                              main.o (__cxa_guard_acquire)
[...]
Memory Configuration

Name             Origin             Length             Attributes
lma9             0x02004000         0x0027c000
lma9i            0x02400000         0x00280000
vectors          0x00000000         0x00000020
itcm             0x01ff8020         0x00007fe0
main             0x02001000         0x00f7f000
dtcm             0x02ff0000         0x00003e80
dldi             0x0380b000         0x00004000
stub             0x0e000000         0x00004000
tls              0x00000000         0x00000400
*default*        0x00000000         0xffffffff

Linker script and memory map

                0x02007f54                        __sync_synchronize = __sync_synchronize_none
LOAD /opt/devkitpro/devkitARM/bin/../lib/gcc/arm-none-eabi/15.1.0/thumb/crti.o
LOAD /opt/devkitpro/devkitARM/bin/../lib/gcc/arm-none-eabi/15.1.0/thumb/crtbegin.o
LOAD main.o
LOAD /opt/devkitpro/libnds/lib/libnds9.a
LOAD /opt/devkitpro/calico/lib/libcalico_ds9.a
LOAD /opt/devkitpro/devkitARM/bin/../lib/gcc/arm-none-eabi/15.1.0/../../../../arm-none-eabi/lib/thumb/libstdc++.a
LOAD /opt/devkitpro/devkitARM/bin/../lib/gcc/arm-none-eabi/15.1.0/../../../../arm-none-eabi/lib/thumb/libm.a
START GROUP
LOAD /opt/devkitpro/devkitARM/bin/../lib/gcc/arm-none-eabi/15.1.0/thumb/libgcc.a
LOAD /opt/devkitpro/devkitARM/bin/../lib/gcc/arm-none-eabi/15.1.0/../../../../arm-none-eabi/lib/thumb/libg.a
LOAD /opt/devkitpro/devkitARM/bin/../lib/gcc/arm-none-eabi/15.1.0/../../../../arm-none-eabi/lib/thumb/libc.a
LOAD /opt/devkitpro/devkitARM/bin/../lib/gcc/arm-none-eabi/15.1.0/../../../../arm-none-eabi/lib/thumb/libsysbase.a
END GROUP
LOAD /opt/devkitpro/devkitARM/bin/../lib/gcc/arm-none-eabi/15.1.0/thumb/crtend.o
LOAD /opt/devkitpro/devkitARM/bin/../lib/gcc/arm-none-eabi/15.1.0/thumb/crtn.o
                0x02ff3e80                        PROVIDE (__sp_usr = (ORIGIN (dtcm) + LENGTH (dtcm)))
                0x02ff3f80                        PROVIDE (__sp_irq = (__sp_usr + 0x100))
                0x02ff3fc0                        PROVIDE (__sp_svc = (__sp_irq + 0x40))
                0x02ff3ff8                        PROVIDE (__irq_flags = (__sp_svc + 0x38))
                [!provide]                        PROVIDE (__irq_vector = (__sp_svc + 0x3c))
                [!provide]                        PROVIDE (__arm_excpt_rst = 0xffff0000)
                [!provide]                        PROVIDE (__arm_excpt_und = 0xffff0004)
                0xffff0008                        PROVIDE (__arm_excpt_svc = 0xffff0008)
                [!provide]                        PROVIDE (__arm_excpt_pabt = 0xffff000c)
                [!provide]                        PROVIDE (__arm_excpt_dabt = 0xffff0010)
                [!provide]                        PROVIDE (__arm_excpt_irq = 0xffff0018)
                [!provide]                        PROVIDE (__arm_excpt_fiq = 0xffff001c)
                0x00000000                        PROVIDE (__end__ = 0x0)

.secure         0x0e000000      0x800 load address 0x02004000
                0x0e0007fc                        . = (. + 0x7fc)
 *fill*         0x0e000000      0x7fc 00000000
                0x0e0007fc        0x4 LONG 0x0

.bootstub       0x0e000800      0x198 load address 0x02004800
 *(.bootstub .bootstub.*)
 .bootstub.__ds9_bootstub
                0x0e000800      0x198 /opt/devkitpro/calico/lib/libcalico_ds9.a(bootstub_arm9.o)
                0x0e000800                __ds9_bootstub
                0x0e000998                        . = ALIGN (0x4)

.crt0           0x02001000      0x3c0 load address 0x02004998
 *(.crt0 .crt0.*)
 .crt0.__ds9_bootstub_trampoline
                0x02001000       0x60 /opt/devkitpro/calico/lib/libcalico_ds9.a(bootstub_arm9.o)
 *.crt0.*(.text .stub .text.* .gnu.linkonce.t.*)
 .text.crt0ProcessLoadList
                0x02001060       0x74 /opt/devkitpro/calico/lib/libcalico_ds9.a(startup.crt0.o)
                0x02001060                crt0ProcessLoadList
 .text.crt0Startup
                0x020010d4      0x180 /opt/devkitpro/calico/lib/libcalico_ds9.a(startup.crt0.o)
                0x020010d4                crt0Startup
 .text.crt0CopyMem32
                0x02001254       0x4c /opt/devkitpro/calico/lib/libcalico_ds9.a(utils.crt0.o)
                0x02001254                crt0CopyMem32
 .text.crt0FillMem32
                0x020012a0       0x58 /opt/devkitpro/calico/lib/libcalico_ds9.a(utils.crt0.o)
                0x020012a0                crt0FillMem32
 .text.crt0SetupMPU
                0x020012f8       0xb4 /opt/devkitpro/calico/lib/libcalico_ds9.a(mpu_setup.crt0.o)
                0x020012f8                crt0SetupMPU
 *.crt0.*(.glue_7t .glue_7 .vfp11_veneer .v4_bx)
 *.crt0.*(.rodata .rodata.* .gnu.linkonce.r.*)
 *.crt0.*(.rodata1)
                0x020013c0                        . = ALIGN (0x20)
 *fill*         0x020013ac       0x14 ff
                0x02004998                        PROVIDE (__crt0_lma = LOADADDR (.crt0))
                0x02001000                        PROVIDE (__crt0_start = ADDR (.crt0))
                0x020013c0                        PROVIDE (__crt0_end = (ADDR (.crt0) + SIZEOF (.crt0)))
                0x00000001                        ASSERT (((__crt0_end <= LOADADDR (.bootstub)) || (__crt0_start >= (LOADADDR (.bootstub) + SIZEOF (.bootstub)))), Error: crt0 section overlaps initial bootstrap)

.dldi           0x0380b000        0x0 load address 0x02004d58
 *(.dldi)
                0x00000000                        PROVIDE (__dldi_lma = SIZEOF (.dldi)?LOADADDR (.dldi):0x0)

.vectors        0x00000000       0x20 load address 0x02004d58
 *(.vectors)
 .vectors       0x00000000       0x20 /opt/devkitpro/calico/lib/libcalico_ds9.a(bootstub_arm9.o)

.itcm           0x01ff8020      0x698 load address 0x02004d78
 *(.itcm .itcm.*)
 .itcm          0x01ff8020       0x30 /opt/devkitpro/calico/lib/libcalico_ds9.a(bootstub_arm9.o)
                0x01ff8038                __excpt_vectors
 *.itcm.*(.text .stub .text.* .gnu.linkonce.t.*)
 *.32.o(.text .stub .text.* .gnu.linkonce.t.*)
 .text.threadReschedule
                0x01ff8050       0x88 /opt/devkitpro/calico/lib/libcalico_ds9.a(thread_hot.32.o)
 .text.threadBlock
                0x01ff80d8       0xd8 /opt/devkitpro/calico/lib/libcalico_ds9.a(thread_hot.32.o)
                0x01ff80d8                threadBlock
 .text.threadUnblockOneByValue
                0x01ff81b0       0xc0 /opt/devkitpro/calico/lib/libcalico_ds9.a(thread_hot.32.o)
                0x01ff81b0                threadUnblockOneByValue
 .text.threadUnblockAllByValue
                0x01ff8270      0x130 /opt/devkitpro/calico/lib/libcalico_ds9.a(thread_hot.32.o)
                0x01ff8270                threadUnblockAllByValue
 .text.threadUnblockAllByMask
                0x01ff83a0      0x134 /opt/devkitpro/calico/lib/libcalico_ds9.a(thread_hot.32.o)
                0x01ff83a0                threadUnblockAllByMask
 .text.armContextSave
                0x01ff84d4       0x2c /opt/devkitpro/calico/lib/libcalico_ds9.a(arm-context.32.o)
                0x01ff84d4                armContextSave
 .text.armContextLoad
                0x01ff8500       0x20 /opt/devkitpro/calico/lib/libcalico_ds9.a(arm-context.32.o)
                0x01ff8500                armContextLoad
                0x01ff8504                armContextLoadFromSvc
 .text.armWaitForIrq
                0x01ff8520        0x8 /opt/devkitpro/calico/lib/libcalico_ds9.a(arm-shims.32.o)
                0x01ff8520                armWaitForIrq
 .text.armDrainWriteBuffer
                0x01ff8528        0xc /opt/devkitpro/calico/lib/libcalico_ds9.a(arm-cache.32.o)
                0x01ff8528                armDrainWriteBuffer
 .text.armDCacheFlushAll
                0x01ff8534       0x28 /opt/devkitpro/calico/lib/libcalico_ds9.a(arm-cache.32.o)
                0x01ff8534                armDCacheFlushAll
 .text.armDCacheFlush
                0x01ff855c       0x1c /opt/devkitpro/calico/lib/libcalico_ds9.a(arm-cache.32.o)
                0x01ff855c                armDCacheFlush
 .text.armICacheInvalidateAll
                0x01ff8578        0xc /opt/devkitpro/calico/lib/libcalico_ds9.a(arm-cache.32.o)
                0x01ff8578                armICacheInvalidateAll
 .text.__excpt_entry
                0x01ff8584       0x50 /opt/devkitpro/calico/lib/libcalico_ds9.a(excpt_handler.32.o)
                0x01ff8584                __arm_excpt_rst
                0x01ff8588                __arm_excpt_pabt
                0x01ff858c                __arm_excpt_und
                0x01ff8598                __arm_excpt_dabt
 .text.__arm_excpt_irq
                0x01ff85d4       0xe4 /opt/devkitpro/calico/lib/libcalico_ds9.a(irq_handler.32.o)
                0x01ff85d4                __arm_excpt_irq
 *.itcm.*(.glue_7t .glue_7 .vfp11_veneer .v4_bx)
 *.32.o(.glue_7t .glue_7 .vfp11_veneer .v4_bx)
 *.itcm.*(.rodata .rodata.* .gnu.linkonce.r.*)
 *.32.o(.rodata .rodata.* .gnu.linkonce.r.*)
 *.itcm.*(.rodata1)
 *.32.o(.rodata1)
                0x01ff86b8                        . = ALIGN (0x4)
                0x02004d58                        PROVIDE (__itcm_lma = LOADADDR (.vectors))
                0x01ff8000                        PROVIDE (__itcm_start = (ADDR (.itcm) - SIZEOF (.vectors)))
                0x01ff86b8                        PROVIDE (__itcm_end = (ADDR (.itcm) + SIZEOF (.itcm)))
                0x00000001                        ASSERT (((__itcm_lma + SIZEOF (.vectors)) == LOADADDR (.itcm)), Error: gap between vectors and itcm)

.dtcm           0x02ff0000        0x0 load address 0x02005410
 *(.dtcm .dtcm.*)
 *.32.o(.data .data.* .gnu.linkonce.d.*)
 *.32.o(.data1)
                0x02ff0000                        . = ALIGN (0x4)
                [!provide]                        PROVIDE (__dtcm_lma = LOADADDR (.dtcm))
                0x02ff0000                        PROVIDE (__dtcm_start = ADDR (.dtcm))
                0x02ff0000                        PROVIDE (__dtcm_end = (ADDR (.dtcm) + SIZEOF (.dtcm)))

.dtcm.bss       0x02ff0000       0x98 load address 0x02005410
 *(.sbss .sbss.*)
 *.32.o(.dynbss)
 *.32.o(.bss .bss.* .gnu.linkonce.b.*)
 .bss.__irq_table
                0x02ff0000       0x80 /opt/devkitpro/calico/lib/libcalico_ds9.a(thread_hot.32.o)
                0x02ff0000                __irq_table
 .bss.__sched_state
                0x02ff0080       0x18 /opt/devkitpro/calico/lib/libcalico_ds9.a(thread_hot.32.o)
                0x02ff0080                __sched_state
 *.32.o(COMMON)
                0x02ff0098                        . = ALIGN (0x4)
                [!provide]                        PROVIDE (__dtcm_bss_start = ADDR (.dtcm.bss))
                0x02ff0098                        PROVIDE (__dtcm_bss_end = (ADDR (.dtcm.bss) + SIZEOF (.dtcm.bss)))

.main           0x020013c0    0x18244 load address 0x02005410
 *(SORT_NONE(.init))
 .init          0x020013c0        0x4 /opt/devkitpro/devkitARM/bin/../lib/gcc/arm-none-eabi/15.1.0/thumb/crti.o
                0x020013c0                _init
 .init          0x020013c4        0x8 /opt/devkitpro/devkitARM/bin/../lib/gcc/arm-none-eabi/15.1.0/thumb/crtn.o
 EXCLUDE_FILE(*.twl.*) *(.text.unlikely .text.*_unlikely .text.unlikely.*)
 .text.unlikely._ZN9__gnu_cxx30__throw_concurrence_lock_errorEv
                0x020013cc       0x20 /opt/devkitpro/devkitARM/bin/../lib/gcc/arm-none-eabi/15.1.0/../../../../arm-none-eabi/lib/thumb/libstdc++.a(guard.o)
                0x020013cc                __gnu_cxx::__throw_concurrence_lock_error()
 .text.unlikely._ZN9__gnu_cxx32__throw_concurrence_unlock_errorEv
                0x020013ec       0x20 /opt/devkitpro/devkitARM/bin/../lib/gcc/arm-none-eabi/15.1.0/../../../../arm-none-eabi/lib/thumb/libstdc++.a(guard.o)
                0x020013ec                __gnu_cxx::__throw_concurrence_unlock_error()
 .text.unlikely._ZN9__gnu_cxx35__throw_concurrence_broadcast_errorEv
                0x0200140c       0x20 /opt/devkitpro/devkitARM/bin/../lib/gcc/arm-none-eabi/15.1.0/../../../../arm-none-eabi/lib/thumb/libstdc++.a(guard.o)
                0x0200140c                __gnu_cxx::__throw_concurrence_broadcast_error()
 .text.unlikely._ZSt9terminatev
                0x0200142c        0xa /opt/devkitpro/devkitARM/bin/../lib/gcc/arm-none-eabi/15.1.0/../../../../arm-none-eabi/lib/thumb/libstdc++.a(eh_terminate.o)
                0x0200142c                std::terminate()
 .text.unlikely._ZSt10unexpectedv
                0x02001436        0xa /opt/devkitpro/devkitARM/bin/../lib/gcc/arm-none-eabi/15.1.0/../../../../arm-none-eabi/lib/thumb/libstdc++.a(eh_terminate.o)
                0x02001436                std::unexpected()
 .text.unlikely._ZN10__cxxabiv1L24__is_gxx_exception_classEPc
                0x02001440       0x38 /opt/devkitpro/devkitARM/bin/../lib/gcc/arm-none-eabi/15.1.0/../../../../arm-none-eabi/lib/thumb/libstdc++.a(eh_call.o)
 .text.unlikely.__cxa_call_terminate
                0x02001478       0x20 /opt/devkitpro/devkitARM/bin/../lib/gcc/arm-none-eabi/15.1.0/../../../../arm-none-eabi/lib/thumb/libstdc++.a(eh_call.o)
                0x02001478                __cxa_call_terminate
 .text.unlikely.__cxa_call_unexpected
                0x02001498       0xfc /opt/devkitpro/devkitARM/bin/../lib/gcc/arm-none-eabi/15.1.0/../../../../arm-none-eabi/lib/thumb/libstdc++.a(eh_call.o)
                0x02001498                __cxa_call_unexpected
 .text.unlikely._Unwind_GetDataRelBase
                0x02001594        0x6 /opt/devkitpro/devkitARM/bin/../lib/gcc/arm-none-eabi/15.1.0/thumb/libgcc.a(pr-support.o)
                0x02001594                _Unwind_GetDataRelBase
 .text.unlikely._Unwind_GetTextRelBase
                0x0200159a        0x6 /opt/devkitpro/devkitARM/bin/../lib/gcc/arm-none-eabi/15.1.0/thumb/libgcc.a(pr-support.o)
                0x0200159a                _Unwind_GetTextRelBase
 EXCLUDE_FILE(*.twl.*) *(.text.exit .text.exit.*)
 .text.exit._GLOBAL__sub_D__ZN17__eh_globals_init7_S_initE
                0x020015a0       0x28 /opt/devkitpro/devkitARM/bin/../lib/gcc/arm-none-eabi/15.1.0/../../../../arm-none-eabi/lib/thumb/libstdc++.a(eh_globals.o)
 .text.exit     0x020015c8       0x24 /opt/devkitpro/devkitARM/bin/../lib/gcc/arm-none-eabi/15.1.0/../../../../arm-none-eabi/lib/thumb/libg.a(libc_a-exit.o)
                0x020015c8                exit
 EXCLUDE_FILE(*.twl.*) *(.text.startup .text.startup.*)
 .text.startup.main
                0x020015ec      0x70c main.o
                0x020015ec                main
 .text.startup._GLOBAL__sub_I__ZN9__gnu_cxx9__freeresEv
                0x02001cf8      0x11c /opt/devkitpro/devkitARM/bin/../lib/gcc/arm-none-eabi/15.1.0/../../../../arm-none-eabi/lib/thumb/libstdc++.a(eh_alloc.o)
 .text.startup._GLOBAL__sub_I__ZN17__eh_globals_init7_S_initE
                0x02001e14       0x30 /opt/devkitpro/devkitARM/bin/../lib/gcc/arm-none-eabi/15.1.0/../../../../arm-none-eabi/lib/thumb/libstdc++.a(eh_globals.o)
 .text.startup._GLOBAL__sub_I__ZN10__cxxabiv111__terminateEPFvvE
                0x02001e44       0x10 /opt/devkitpro/devkitARM/bin/../lib/gcc/arm-none-eabi/15.1.0/../../../../arm-none-eabi/lib/thumb/libstdc++.a(eh_terminate.o)
 EXCLUDE_FILE(*.twl.*) *(.text.hot .text.hot.*)
 EXCLUDE_FILE(*.twl.*) *(.text .iplt .stub .text.* .gnu.linkonce.t.*)
 .text.__do_global_dtors_aux
                0x02001e54       0x2c /opt/devkitpro/devkitARM/bin/../lib/gcc/arm-none-eabi/15.1.0/thumb/crtbegin.o
 .text.frame_dummy
                0x02001e80       0x24 /opt/devkitpro/devkitARM/bin/../lib/gcc/arm-none-eabi/15.1.0/thumb/crtbegin.o
 .iplt          0x02001ea4        0x0 /opt/devkitpro/devkitARM/bin/../lib/gcc/arm-none-eabi/15.1.0/thumb/crtbegin.o
 .text.divf32   0x02001ea4       0x3c main.o
 .text._ZL19renderNodeRecursiveP9SceneNodePii.constprop.0
                0x02001ee0      0x554 main.o
 .text._ZN9SceneNodeC2Ev
                0x02002434       0x48 main.o
                0x02002434                SceneNode::SceneNode()
                0x02002434                SceneNode::SceneNode()
 .text.BoxTestf
                0x0200247c       0xb4 /opt/devkitpro/libnds/lib/libnds9.a(boxtest.o)
                0x0200247c                BoxTestf
 .text.newRow   0x02002530       0xe0 /opt/devkitpro/libnds/lib/libnds9.a(console.o)
 .text.consolePrintChar
                0x02002610       0xe0 /opt/devkitpro/libnds/lib/libnds9.a(console.o)
                0x02002610                consolePrintChar
 .text.con_write
                0x020026f0      0x344 /opt/devkitpro/libnds/lib/libnds9.a(console.o)
                0x020026f0                con_write
 .text.consoleLoadFont
                0x02002a34      0x2e8 /opt/devkitpro/libnds/lib/libnds9.a(console.o)
                0x02002a34                consoleLoadFont
 .text.consoleInit
                0x02002d1c      0x170 /opt/devkitpro/libnds/lib/libnds9.a(console.o)
                0x02002d1c                consoleInit
 .text.consoleDemoInit
                0x02002e8c       0x40 /opt/devkitpro/libnds/lib/libnds9.a(console.o)
                0x02002e8c                consoleDemoInit
 .text.scanKeys
                0x02002ecc       0x6c /opt/devkitpro/libnds/lib/libnds9.a(keys.o)
                0x02002ecc                scanKeys
 .text.keysHeld
                0x02002f38        0xc /opt/devkitpro/libnds/lib/libnds9.a(keys.o)
                0x02002f38                keysHeld
 .text.sinLutLookup
                0x02002f44       0x4c /opt/devkitpro/libnds/lib/libnds9.a(trig.o)
                0x02002f44                sinLutLookup
 .text.sinLerp  0x02002f90       0x38 /opt/devkitpro/libnds/lib/libnds9.a(trig.o)
                0x02002f90                sinLerp
 .text.cosLerp  0x02002fc8       0x44 /opt/devkitpro/libnds/lib/libnds9.a(trig.o)
                0x02002fc8                cosLerp
 .text.tanLerp  0x0200300c       0xac /opt/devkitpro/libnds/lib/libnds9.a(trig.o)
                0x0200300c                tanLerp
 .text.glInit   0x020030b8       0xe0 /opt/devkitpro/libnds/lib/libnds9.a(videoGL_base.o)
                0x020030b8                glInit
 .text.vramBlock__deallocateBlock.part.0
                0x02003198      0x164 /opt/devkitpro/libnds/lib/libnds9.a(videoGL.o)
 .text.vramBlock_init
                0x020032fc       0x5c /opt/devkitpro/libnds/lib/libnds9.a(videoGL.o)
                0x020032fc                vramBlock_init
 .text.vramBlock__allocateBlock
                0x02003358      0x170 /opt/devkitpro/libnds/lib/libnds9.a(videoGL.o)
                0x02003358                vramBlock__allocateBlock
 .text.vramBlock_examineSpecial
                0x020034c8      0x270 /opt/devkitpro/libnds/lib/libnds9.a(videoGL.o)
                0x020034c8                vramBlock_examineSpecial
 .text.vramBlock_allocateSpecial
                0x02003738       0x6c /opt/devkitpro/libnds/lib/libnds9.a(videoGL.o)
                0x02003738                vramBlock_allocateSpecial
 .text.vramBlock_allocateBlock
                0x020037a4       0x34 /opt/devkitpro/libnds/lib/libnds9.a(videoGL.o)
                0x020037a4                vramBlock_allocateBlock
 .text.vramBlock_deallocateBlock
                0x020037d8       0x48 /opt/devkitpro/libnds/lib/libnds9.a(videoGL.o)
                0x020037d8                vramBlock_deallocateBlock
 .text._glInitGlobals
                0x02003820       0xc8 /opt/devkitpro/libnds/lib/libnds9.a(videoGL.o)
                0x02003820                _glInitGlobals
 .text.glGenTextures
                0x020038e8       0x84 /opt/devkitpro/libnds/lib/libnds9.a(videoGL.o)
                0x020038e8                glGenTextures
 .text.vramGetBank
                0x0200396c       0xb4 /opt/devkitpro/libnds/lib/libnds9.a(videoGL.o)
                0x0200396c                vramGetBank
 .text.glBindTexture
                0x02003a20       0x5c /opt/devkitpro/libnds/lib/libnds9.a(videoGL.o)
                0x02003a20                glBindTexture
 .text.glTexImage2D
                0x02003a7c      0x400 /opt/devkitpro/libnds/lib/libnds9.a(videoGL.o)
                0x02003a7c                glTexImage2D
 .text.checkIfText
                0x02003e7c       0x6c /opt/devkitpro/libnds/lib/libnds9.a(background.o)
                0x02003e7c                checkIfText
 .text.bgUpdate
                0x02003ee8       0xe8 /opt/devkitpro/libnds/lib/libnds9.a(background.o)
                0x02003ee8                bgUpdate
 .text.bgInit_call
                0x02003fd0       0xa8 /opt/devkitpro/libnds/lib/libnds9.a(background.o)
                0x02003fd0                bgInit_call
 .text.bgInitSub_call
                0x02004078       0xb0 /opt/devkitpro/libnds/lib/libnds9.a(background.o)
                0x02004078                bgInitSub_call
 .text.DynamicArrayInit
                0x02004128       0x18 /opt/devkitpro/libnds/lib/libnds9.a(dynamicArray.o)
                0x02004128                DynamicArrayInit
 .text.DynamicArrayGet
                0x02004140       0x18 /opt/devkitpro/libnds/lib/libnds9.a(dynamicArray.o)
                0x02004140                DynamicArrayGet
 .text.DynamicArraySet
                0x02004158       0x48 /opt/devkitpro/libnds/lib/libnds9.a(dynamicArray.o)
                0x02004158                DynamicArraySet
 .text.powerOn  0x020041a0       0x18 /opt/devkitpro/libnds/lib/libnds9.a(system.o)
                0x020041a0                powerOn
 .text.vramRestorePrimaryBanks
                0x020041b8        0xc /opt/devkitpro/libnds/lib/libnds9.a(video.o)
                0x020041b8                vramRestorePrimaryBanks
 .text.threadExit
                0x020041c4       0x9c /opt/devkitpro/calico/lib/libcalico_ds9.a(thread_cold.o)
                0x020041c4                threadExit
 .text._threadTickTask
                0x02004260       0x10 /opt/devkitpro/calico/lib/libcalico_ds9.a(thread_cold.o)
 .text._threadInit
                0x02004270       0x98 /opt/devkitpro/calico/lib/libcalico_ds9.a(thread_cold.o)
                0x02004270                _threadInit
 .text.threadPrepare
                0x02004308       0xa4 /opt/devkitpro/calico/lib/libcalico_ds9.a(thread_cold.o)
                0x02004308                threadPrepare
 .text.threadStart
                0x020043ac       0xc8 /opt/devkitpro/calico/lib/libcalico_ds9.a(thread_cold.o)
                0x020043ac                threadStart
 .text.threadIrqWait
                0x02004474       0xa0 /opt/devkitpro/calico/lib/libcalico_ds9.a(thread_cold.o)
                0x02004474                threadIrqWait
 .text.threadSleepTicks
                0x02004514       0x58 /opt/devkitpro/calico/lib/libcalico_ds9.a(thread_cold.o)
                0x02004514                threadSleepTicks
 .text.keypadGetState
                0x0200456c       0x28 /opt/devkitpro/calico/lib/libcalico_ds9.a(keypad.o)
                0x0200456c                keypadGetState
 .text._pmCallEventHandlers
                0x02004594       0x40 /opt/devkitpro/calico/lib/libcalico_ds9.a(pm.o)
 .text._pmPxiThreadMain
                0x020045d4       0xa0 /opt/devkitpro/calico/lib/libcalico_ds9.a(pm.o)
 .text._pmResetPxiHandler
                0x02004674       0x28 /opt/devkitpro/calico/lib/libcalico_ds9.a(pm.o)
 .text.systemUserExit
                0x0200469c        0x4 /opt/devkitpro/calico/lib/libcalico_ds9.a(pm.o)
                0x0200469c                systemUserExit
 .text.systemErrorExit
                0x020046a0        0x4 /opt/devkitpro/calico/lib/libcalico_ds9.a(pm.o)
                0x020046a0                systemErrorExit
 .text.__syscall_exit
                0x020046a4      0x138 /opt/devkitpro/calico/lib/libcalico_ds9.a(pm.o)
                0x020046a4                __syscall_exit
 .text.pmInit   0x020047dc       0x58 /opt/devkitpro/calico/lib/libcalico_ds9.a(pm.o)
                0x020047dc                pmInit
 .text.pmEnterSleep
                0x02004834       0xcc /opt/devkitpro/calico/lib/libcalico_ds9.a(pm.o)
                0x02004834                pmEnterSleep
 .text.pmMainLoop
                0x02004900       0x74 /opt/devkitpro/calico/lib/libcalico_ds9.a(pm.o)
                0x02004900                pmMainLoop
 .text.touchRead
                0x02004974       0x58 /opt/devkitpro/calico/lib/libcalico_ds9.a(touch.o)
                0x02004974                touchRead
 .text._tickCountIsr
                0x020049cc       0x1c /opt/devkitpro/calico/lib/libcalico_ds9.a(tick.o)
 .text._tickTaskSchedule.part.0.isra.0
                0x020049e8       0x84 /opt/devkitpro/calico/lib/libcalico_ds9.a(tick.o)
 .text.tickInit
                0x02004a6c       0xa0 /opt/devkitpro/calico/lib/libcalico_ds9.a(tick.o)
                0x02004a6c                tickInit
 .text.tickGetCount
                0x02004b0c       0x5c /opt/devkitpro/calico/lib/libcalico_ds9.a(tick.o)
                0x02004b0c                tickGetCount
 .text._tickTaskIsr
                0x02004b68      0x110 /opt/devkitpro/calico/lib/libcalico_ds9.a(tick.o)
 .text.tickTaskStart
                0x02004c78      0x144 /opt/devkitpro/calico/lib/libcalico_ds9.a(tick.o)
                0x02004c78                tickTaskStart
 .text.mailboxTrySend
                0x02004dbc       0x98 /opt/devkitpro/calico/lib/libcalico_ds9.a(mailbox.o)
                0x02004dbc                mailboxTrySend
 .text.mailboxRecv
                0x02004e54       0x98 /opt/devkitpro/calico/lib/libcalico_ds9.a(mailbox.o)
                0x02004e54                mailboxRecv
 .text.__syscall_getreent
                0x02004eec       0x14 /opt/devkitpro/calico/lib/libcalico_ds9.a(newlib_syscalls.o)
                0x02004eec                __syscall_getreent
 .text.__errno  0x02004f00       0x24 /opt/devkitpro/calico/lib/libcalico_ds9.a(newlib_syscalls.o)
                0x02004f00                __errno
 .text.__syscall_lock_acquire
                0x02004f24        0x4 /opt/devkitpro/calico/lib/libcalico_ds9.a(newlib_syscalls.o)
                0x02004f24                __syscall_lock_acquire
 .text.__syscall_lock_release
                0x02004f28        0x4 /opt/devkitpro/calico/lib/libcalico_ds9.a(newlib_syscalls.o)
                0x02004f28                __syscall_lock_release
 .text.__syscall_lock_acquire_recursive
                0x02004f2c       0x4c /opt/devkitpro/calico/lib/libcalico_ds9.a(newlib_syscalls.o)
                0x02004f2c                __syscall_lock_acquire_recursive
 .text.__syscall_lock_release_recursive
                0x02004f78       0x18 /opt/devkitpro/calico/lib/libcalico_ds9.a(newlib_syscalls.o)
                0x02004f78                __syscall_lock_release_recursive
 .text._pxiMailboxHandler
                0x02004f90        0x4 /opt/devkitpro/calico/lib/libcalico_ds9.a(pxi.o)
 .text._pxiRecvUnhandled
                0x02004f94        0x4 /opt/devkitpro/calico/lib/libcalico_ds9.a(pxi.o)
                0x02004f94                _pxiRecvUnhandled
 .text._pxiRecvIrqHandler
                0x02004f98      0x154 /opt/devkitpro/calico/lib/libcalico_ds9.a(pxi.o)
 .text._pxiInit
                0x020050ec       0x58 /opt/devkitpro/calico/lib/libcalico_ds9.a(pxi.o)
                0x020050ec                _pxiInit
 .text.pxiSetHandler
                0x02005144       0x74 /opt/devkitpro/calico/lib/libcalico_ds9.a(pxi.o)
                0x02005144                pxiSetHandler
 .text.pxiSetMailbox
                0x020051b8       0x68 /opt/devkitpro/calico/lib/libcalico_ds9.a(pxi.o)
                0x020051b8                pxiSetMailbox
 .text.pxiWaitRemote
                0x02005220       0x38 /opt/devkitpro/calico/lib/libcalico_ds9.a(pxi.o)
                0x02005220                pxiWaitRemote
 .text.pxiSendPacket
                0x02005258       0x50 /opt/devkitpro/calico/lib/libcalico_ds9.a(pxi.o)
                0x02005258                pxiSendPacket
 .text.systemUserStartup
                0x020052a8        0x4 /opt/devkitpro/calico/lib/libcalico_ds9.a(sys_startup.o)
                0x020052a8                systemUserStartup
 .text.systemStartup
                0x020052ac      0x104 /opt/devkitpro/calico/lib/libcalico_ds9.a(sys_startup.o)
                0x020052ac                systemStartup
 .text.irqSet   0x020053b0       0x64 /opt/devkitpro/calico/lib/libcalico_ds9.a(irq.o)
                0x020053b0                irqSet
 .text.threadUpdateDynamicPrio
                0x02005414      0x1cc /opt/devkitpro/calico/lib/libcalico_ds9.a(mutex.o)
 .text.threadRemoveWaiter
                0x020055e0      0x1c8 /opt/devkitpro/calico/lib/libcalico_ds9.a(mutex.o)
 .text.mutexLock
                0x020057a8      0x150 /opt/devkitpro/calico/lib/libcalico_ds9.a(mutex.o)
                0x020057a8                mutexLock
 .text.mutexUnlock
                0x020058f8       0xd0 /opt/devkitpro/calico/lib/libcalico_ds9.a(mutex.o)
                0x020058f8                mutexUnlock
 .text._ZNK9__gnu_cxx24__concurrence_lock_error4whatEv
                0x020059c8        0x8 /opt/devkitpro/devkitARM/bin/../lib/gcc/arm-none-eabi/15.1.0/../../../../arm-none-eabi/lib/thumb/libstdc++.a(guard.o)
                0x020059c8                __gnu_cxx::__concurrence_lock_error::what() const
 .text._ZNK9__gnu_cxx26__concurrence_unlock_error4whatEv
                0x020059d0        0x8 /opt/devkitpro/devkitARM/bin/../lib/gcc/arm-none-eabi/15.1.0/../../../../arm-none-eabi/lib/thumb/libstdc++.a(guard.o)
                0x020059d0                __gnu_cxx::__concurrence_unlock_error::what() const
 .text._ZNK9__gnu_cxx29__concurrence_broadcast_error4whatEv
                0x020059d8        0x8 /opt/devkitpro/devkitARM/bin/../lib/gcc/arm-none-eabi/15.1.0/../../../../arm-none-eabi/lib/thumb/libstdc++.a(guard.o)
                0x020059d8                __gnu_cxx::__concurrence_broadcast_error::what() const
 .text._ZNK9__gnu_cxx24__concurrence_wait_error4whatEv
                0x020059e0        0x8 /opt/devkitpro/devkitARM/bin/../lib/gcc/arm-none-eabi/15.1.0/../../../../arm-none-eabi/lib/thumb/libstdc++.a(guard.o)
                0x020059e0                __gnu_cxx::__concurrence_wait_error::what() const
 .text._ZN12_GLOBAL__N_1L4initEv
                0x020059e8       0x20 /opt/devkitpro/devkitARM/bin/../lib/gcc/arm-none-eabi/15.1.0/../../../../arm-none-eabi/lib/thumb/libstdc++.a(guard.o)
 .text._ZN12_GLOBAL__N_1L16init_static_condEv
                0x02005a08       0x18 /opt/devkitpro/devkitARM/bin/../lib/gcc/arm-none-eabi/15.1.0/../../../../arm-none-eabi/lib/thumb/libstdc++.a(guard.o)
 .text._ZN9__gnu_cxx24__concurrence_lock_errorD2Ev
                0x02005a20       0x18 /opt/devkitpro/devkitARM/bin/../lib/gcc/arm-none-eabi/15.1.0/../../../../arm-none-eabi/lib/thumb/libstdc++.a(guard.o)
                0x02005a20                __gnu_cxx::__concurrence_lock_error::~__concurrence_lock_error()
                0x02005a20                __gnu_cxx::__concurrence_lock_error::~__concurrence_lock_error()
 .text._ZN9__gnu_cxx24__concurrence_lock_errorD0Ev
                0x02005a38       0x20 /opt/devkitpro/devkitARM/bin/../lib/gcc/arm-none-eabi/15.1.0/../../../../arm-none-eabi/lib/thumb/libstdc++.a(guard.o)
                0x02005a38                __gnu_cxx::__concurrence_lock_error::~__concurrence_lock_error()
 .text._ZN9__gnu_cxx24__concurrence_wait_errorD2Ev
                0x02005a58       0x18 /opt/devkitpro/devkitARM/bin/../lib/gcc/arm-none-eabi/15.1.0/../../../../arm-none-eabi/lib/thumb/libstdc++.a(guard.o)
                0x02005a58                __gnu_cxx::__concurrence_wait_error::~__concurrence_wait_error()
                0x02005a58                __gnu_cxx::__concurrence_wait_error::~__concurrence_wait_error()
 .text._ZN9__gnu_cxx24__concurrence_wait_errorD0Ev
                0x02005a70       0x20 /opt/devkitpro/devkitARM/bin/../lib/gcc/arm-none-eabi/15.1.0/../../../../arm-none-eabi/lib/thumb/libstdc++.a(guard.o)
                0x02005a70                __gnu_cxx::__concurrence_wait_error::~__concurrence_wait_error()
 .text._ZN9__gnu_cxx26__concurrence_unlock_errorD2Ev
                0x02005a90       0x18 /opt/devkitpro/devkitARM/bin/../lib/gcc/arm-none-eabi/15.1.0/../../../../arm-none-eabi/lib/thumb/libstdc++.a(guard.o)
                0x02005a90                __gnu_cxx::__concurrence_unlock_error::~__concurrence_unlock_error()
                0x02005a90                __gnu_cxx::__concurrence_unlock_error::~__concurrence_unlock_error()
 .text._ZN9__gnu_cxx26__concurrence_unlock_errorD0Ev
                0x02005aa8       0x20 /opt/devkitpro/devkitARM/bin/../lib/gcc/arm-none-eabi/15.1.0/../../../../arm-none-eabi/lib/thumb/libstdc++.a(guard.o)
                0x02005aa8                __gnu_cxx::__concurrence_unlock_error::~__concurrence_unlock_error()
 .text._ZN9__gnu_cxx29__concurrence_broadcast_errorD2Ev
                0x02005ac8       0x18 /opt/devkitpro/devkitARM/bin/../lib/gcc/arm-none-eabi/15.1.0/../../../../arm-none-eabi/lib/thumb/libstdc++.a(guard.o)
                0x02005ac8                __gnu_cxx::__concurrence_broadcast_error::~__concurrence_broadcast_error()
                0x02005ac8                __gnu_cxx::__concurrence_broadcast_error::~__concurrence_broadcast_error()
 .text._ZN9__gnu_cxx29__concurrence_broadcast_errorD0Ev
                0x02005ae0       0x20 /opt/devkitpro/devkitARM/bin/../lib/gcc/arm-none-eabi/15.1.0/../../../../arm-none-eabi/lib/thumb/libstdc++.a(guard.o)
                0x02005ae0                __gnu_cxx::__concurrence_broadcast_error::~__concurrence_broadcast_error()
 .text.__cxa_guard_acquire
                0x02005b00      0x12c /opt/devkitpro/devkitARM/bin/../lib/gcc/arm-none-eabi/15.1.0/../../../../arm-none-eabi/lib/thumb/libstdc++.a(guard.o)
                0x02005b00                __cxa_guard_acquire
 .text.__cxa_guard_release
                0x02005c2c       0x94 /opt/devkitpro/devkitARM/bin/../lib/gcc/arm-none-eabi/15.1.0/../../../../arm-none-eabi/lib/thumb/libstdc++.a(guard.o)
                0x02005c2c                __cxa_guard_release
 .text._ZN9__gnu_cxx20recursive_init_errorD2Ev
                0x02005cc0       0x18 /opt/devkitpro/devkitARM/bin/../lib/gcc/arm-none-eabi/15.1.0/../../../../arm-none-eabi/lib/thumb/libstdc++.a(guard_error.o)
                0x02005cc0                __gnu_cxx::recursive_init_error::~recursive_init_error()
                0x02005cc0                __gnu_cxx::recursive_init_error::~recursive_init_error()
 .text._ZN9__gnu_cxx20recursive_init_errorD0Ev
                0x02005cd8       0x20 /opt/devkitpro/devkitARM/bin/../lib/gcc/arm-none-eabi/15.1.0/../../../../arm-none-eabi/lib/thumb/libstdc++.a(guard_error.o)
                0x02005cd8                __gnu_cxx::recursive_init_error::~recursive_init_error()
 .text._ZN9__gnu_cxx20recursive_init_errorC2Ev
                0x02005cf8        0xc /opt/devkitpro/devkitARM/bin/../lib/gcc/arm-none-eabi/15.1.0/../../../../arm-none-eabi/lib/thumb/libstdc++.a(guard_error.o)
                0x02005cf8                __gnu_cxx::recursive_init_error::recursive_init_error()
                0x02005cf8                __gnu_cxx::recursive_init_error::recursive_init_error()
 .text._ZN10__cxxabiv120__si_class_type_infoD2Ev
                0x02005d04       0x18 /opt/devkitpro/devkitARM/bin/../lib/gcc/arm-none-eabi/15.1.0/../../../../arm-none-eabi/lib/thumb/libstdc++.a(si_class_type_info.o)
                0x02005d04                __cxxabiv1::__si_class_type_info::~__si_class_type_info()
                0x02005d04                __cxxabiv1::__si_class_type_info::~__si_class_type_info()
 .text._ZN10__cxxabiv120__si_class_type_infoD0Ev
                0x02005d1c       0x20 /opt/devkitpro/devkitARM/bin/../lib/gcc/arm-none-eabi/15.1.0/../../../../arm-none-eabi/lib/thumb/libstdc++.a(si_class_type_info.o)
                0x02005d1c                __cxxabiv1::__si_class_type_info::~__si_class_type_info()
 .text._ZNK10__cxxabiv120__si_class_type_info12__do_dyncastEiNS_17__class_type_info10__sub_kindEPKS1_PKvS4_S6_RNS1_16__dyncast_resultE
                0x02005d3c       0xd8 /opt/devkitpro/devkitARM/bin/../lib/gcc/arm-none-eabi/15.1.0/../../../../arm-none-eabi/lib/thumb/libstdc++.a(si_class_type_info.o)
                0x02005d3c                __cxxabiv1::__si_class_type_info::__do_dyncast(int, __cxxabiv1::__class_type_info::__sub_kind, __cxxabiv1::__class_type_info const*, void const*, __cxxabiv1::__class_type_info const*, void const*, __cxxabiv1::__class_type_info::__dyncast_result&) const
 .text._ZNK10__cxxabiv120__si_class_type_info20__do_find_public_srcEiPKvPKNS_17__class_type_infoES2_
                0x02005e14       0x5c /opt/devkitpro/devkitARM/bin/../lib/gcc/arm-none-eabi/15.1.0/../../../../arm-none-eabi/lib/thumb/libstdc++.a(si_class_type_info.o)
                0x02005e14                __cxxabiv1::__si_class_type_info::__do_find_public_src(int, void const*, __cxxabiv1::__class_type_info const*, void const*) const
 .text._ZNK10__cxxabiv120__si_class_type_info11__do_upcastEPKNS_17__class_type_infoEPKvRNS1_15__upcast_resultE
                0x02005e70       0x2c /opt/devkitpro/devkitARM/bin/../lib/gcc/arm-none-eabi/15.1.0/../../../../arm-none-eabi/lib/thumb/libstdc++.a(si_class_type_info.o)
                0x02005e70                __cxxabiv1::__si_class_type_info::__do_upcast(__cxxabiv1::__class_type_info const*, void const*, __cxxabiv1::__class_type_info::__upcast_result&) const
 .text._ZNSt9type_infoD2Ev
                0x02005e9c        0x4 /opt/devkitpro/devkitARM/bin/../lib/gcc/arm-none-eabi/15.1.0/../../../../arm-none-eabi/lib/thumb/libstdc++.a(tinfo.o)
                0x02005e9c                std::type_info::~type_info()
                0x02005e9c                std::type_info::~type_info()
 .text._ZNKSt9type_info14__is_pointer_pEv
                0x02005ea0        0x4 /opt/devkitpro/devkitARM/bin/../lib/gcc/arm-none-eabi/15.1.0/../../../../arm-none-eabi/lib/thumb/libstdc++.a(tinfo.o)
                0x02005ea0                std::type_info::__is_function_p() const
                0x02005ea0                std::type_info::__is_pointer_p() const
 .text._ZNK10__cxxabiv117__class_type_info11__do_upcastEPKS0_PPv
                0x02005ea4       0x3c /opt/devkitpro/devkitARM/bin/../lib/gcc/arm-none-eabi/15.1.0/../../../../arm-none-eabi/lib/thumb/libstdc++.a(class_type_info.o)
                0x02005ea4                __cxxabiv1::__class_type_info::__do_upcast(__cxxabiv1::__class_type_info const*, void**) const
 .text._ZNK10__cxxabiv117__class_type_info20__do_find_public_srcEiPKvPKS0_S2_
                0x02005ee0       0x14 /opt/devkitpro/devkitARM/bin/../lib/gcc/arm-none-eabi/15.1.0/../../../../arm-none-eabi/lib/thumb/libstdc++.a(class_type_info.o)
                0x02005ee0                __cxxabiv1::__class_type_info::__do_find_public_src(int, void const*, __cxxabiv1::__class_type_info const*, void const*) const
 .text._ZN10__cxxabiv117__class_type_infoD2Ev
                0x02005ef4       0x18 /opt/devkitpro/devkitARM/bin/../lib/gcc/arm-none-eabi/15.1.0/../../../../arm-none-eabi/lib/thumb/libstdc++.a(class_type_info.o)
                0x02005ef4                __cxxabiv1::__class_type_info::~__class_type_info()
                0x02005ef4                __cxxabiv1::__class_type_info::~__class_type_info()
 .text._ZN10__cxxabiv117__class_type_infoD0Ev
                0x02005f0c       0x20 /opt/devkitpro/devkitARM/bin/../lib/gcc/arm-none-eabi/15.1.0/../../../../arm-none-eabi/lib/thumb/libstdc++.a(class_type_info.o)
                0x02005f0c                __cxxabiv1::__class_type_info::~__class_type_info()
 .text._ZNK10__cxxabiv117__class_type_info11__do_upcastEPKS0_PKvRNS0_15__upcast_resultE
                0x02005f2c       0x3c /opt/devkitpro/devkitARM/bin/../lib/gcc/arm-none-eabi/15.1.0/../../../../arm-none-eabi/lib/thumb/libstdc++.a(class_type_info.o)
                0x02005f2c                __cxxabiv1::__class_type_info::__do_upcast(__cxxabiv1::__class_type_info const*, void const*, __cxxabiv1::__class_type_info::__upcast_result&) const
 .text._ZNK10__cxxabiv117__class_type_info10__do_catchEPKSt9type_infoPPvj
                0x02005f68       0x54 /opt/devkitpro/devkitARM/bin/../lib/gcc/arm-none-eabi/15.1.0/../../../../arm-none-eabi/lib/thumb/libstdc++.a(class_type_info.o)
                0x02005f68                __cxxabiv1::__class_type_info::__do_catch(std::type_info const*, void**, unsigned int) const
 .text._ZNK10__cxxabiv117__class_type_info12__do_dyncastEiNS0_10__sub_kindEPKS0_PKvS3_S5_RNS0_16__dyncast_resultE
                0x02005fbc       0x80 /opt/devkitpro/devkitARM/bin/../lib/gcc/arm-none-eabi/15.1.0/../../../../arm-none-eabi/lib/thumb/libstdc++.a(class_type_info.o)
                0x02005fbc                __cxxabiv1::__class_type_info::__do_dyncast(int, __cxxabiv1::__class_type_info::__sub_kind, __cxxabiv1::__class_type_info const*, void const*, __cxxabiv1::__class_type_info const*, void const*, __cxxabiv1::__class_type_info::__dyncast_result&) const
 .text._ZdlPvj  0x0200603c        0xc /opt/devkitpro/devkitARM/bin/../lib/gcc/arm-none-eabi/15.1.0/../../../../arm-none-eabi/lib/thumb/libstdc++.a(del_ops.o)
                0x0200603c                operator delete(void*, unsigned int)
 .text._ZN12_GLOBAL__N_14pool4freeEPv.constprop.0
                0x02006048       0xb0 /opt/devkitpro/devkitARM/bin/../lib/gcc/arm-none-eabi/15.1.0/../../../../arm-none-eabi/lib/thumb/libstdc++.a(eh_alloc.o)
 .text._ZN12_GLOBAL__N_14pool8allocateEj.constprop.0
                0x020060f8       0x88 /opt/devkitpro/devkitARM/bin/../lib/gcc/arm-none-eabi/15.1.0/../../../../arm-none-eabi/lib/thumb/libstdc++.a(eh_alloc.o)
 .text.__cxa_allocate_exception
                0x02006180       0x30 /opt/devkitpro/devkitARM/bin/../lib/gcc/arm-none-eabi/15.1.0/../../../../arm-none-eabi/lib/thumb/libstdc++.a(eh_alloc.o)
                0x02006180                __cxa_allocate_exception
 .text.__cxa_free_exception
                0x020061b0       0x28 /opt/devkitpro/devkitARM/bin/../lib/gcc/arm-none-eabi/15.1.0/../../../../arm-none-eabi/lib/thumb/libstdc++.a(eh_alloc.o)
                0x020061b0                __cxa_free_exception
 .text.__cxa_end_cleanup
                0x020061d8        0xc /opt/devkitpro/devkitARM/bin/../lib/gcc/arm-none-eabi/15.1.0/../../../../arm-none-eabi/lib/thumb/libstdc++.a(eh_arm.o)
                0x020061d8                __cxa_end_cleanup
 .text.__cxa_type_match
                0x020061e4       0xc8 /opt/devkitpro/devkitARM/bin/../lib/gcc/arm-none-eabi/15.1.0/../../../../arm-none-eabi/lib/thumb/libstdc++.a(eh_arm.o)
                0x020061e4                __cxa_type_match
 .text.__cxa_begin_cleanup
                0x020062ac       0x64 /opt/devkitpro/devkitARM/bin/../lib/gcc/arm-none-eabi/15.1.0/../../../../arm-none-eabi/lib/thumb/libstdc++.a(eh_arm.o)
                0x020062ac                __cxa_begin_cleanup
 .text.__gnu_end_cleanup
                0x02006310       0x74 /opt/devkitpro/devkitARM/bin/../lib/gcc/arm-none-eabi/15.1.0/../../../../arm-none-eabi/lib/thumb/libstdc++.a(eh_arm.o)
                0x02006310                __gnu_end_cleanup
 .text._ZNSt9exceptionD2Ev
                0x02006384        0x4 /opt/devkitpro/devkitARM/bin/../lib/gcc/arm-none-eabi/15.1.0/../../../../arm-none-eabi/lib/thumb/libstdc++.a(eh_exception.o)
                0x02006384                std::exception::~exception()
                0x02006384                std::exception::~exception()
 .text._ZNSt13bad_exceptionD2Ev
                0x02006388        0x4 /opt/devkitpro/devkitARM/bin/../lib/gcc/arm-none-eabi/15.1.0/../../../../arm-none-eabi/lib/thumb/libstdc++.a(eh_exception.o)
                0x02006388                std::bad_exception::~bad_exception()
                0x02006388                std::bad_exception::~bad_exception()
 .text._ZNKSt9exception4whatEv
                0x0200638c        0x8 /opt/devkitpro/devkitARM/bin/../lib/gcc/arm-none-eabi/15.1.0/../../../../arm-none-eabi/lib/thumb/libstdc++.a(eh_exception.o)
                0x0200638c                transaction clone for std::exception::what() const
                0x0200638c                std::exception::what() const
 .text._ZNKSt13bad_exception4whatEv
                0x02006394        0x8 /opt/devkitpro/devkitARM/bin/../lib/gcc/arm-none-eabi/15.1.0/../../../../arm-none-eabi/lib/thumb/libstdc++.a(eh_exception.o)
                0x02006394                transaction clone for std::bad_exception::what() const
                0x02006394                std::bad_exception::what() const
 .text._ZNSt13bad_exceptionD0Ev
                0x0200639c       0x14 /opt/devkitpro/devkitARM/bin/../lib/gcc/arm-none-eabi/15.1.0/../../../../arm-none-eabi/lib/thumb/libstdc++.a(eh_exception.o)
                0x0200639c                std::bad_exception::~bad_exception()
 .text._ZL15eh_globals_dtorPv
                0x020063b0       0x28 /opt/devkitpro/devkitARM/bin/../lib/gcc/arm-none-eabi/15.1.0/../../../../arm-none-eabi/lib/thumb/libstdc++.a(eh_globals.o)
 .text.__cxa_get_globals_fast
                0x020063d8       0x28 /opt/devkitpro/devkitARM/bin/../lib/gcc/arm-none-eabi/15.1.0/../../../../arm-none-eabi/lib/thumb/libstdc++.a(eh_globals.o)
                0x020063d8                __cxa_get_globals_fast
 .text.__cxa_get_globals
                0x02006400       0x50 /opt/devkitpro/devkitARM/bin/../lib/gcc/arm-none-eabi/15.1.0/../../../../arm-none-eabi/lib/thumb/libstdc++.a(eh_globals.o)
                0x02006400                __cxa_get_globals
 .text._ZL28read_encoded_value_with_basehjPKhPj
                0x02006450       0xec /opt/devkitpro/devkitARM/bin/../lib/gcc/arm-none-eabi/15.1.0/../../../../arm-none-eabi/lib/thumb/libstdc++.a(eh_personality.o)
 .text._ZL21base_of_encoded_valuehP15_Unwind_Context
                0x0200653c       0x48 /opt/devkitpro/devkitARM/bin/../lib/gcc/arm-none-eabi/15.1.0/../../../../arm-none-eabi/lib/thumb/libstdc++.a(eh_personality.o)
 .text._ZL17parse_lsda_headerP15_Unwind_ContextPKhP16lsda_header_info
                0x02006584       0x90 /opt/devkitpro/devkitARM/bin/../lib/gcc/arm-none-eabi/15.1.0/../../../../arm-none-eabi/lib/thumb/libstdc++.a(eh_personality.o)
 .text.__gxx_personality_v0
                0x02006614      0x4a4 /opt/devkitpro/devkitARM/bin/../lib/gcc/arm-none-eabi/15.1.0/../../../../arm-none-eabi/lib/thumb/libstdc++.a(eh_personality.o)
                0x02006614                __gxx_personality_v0
 .text._ZN10__cxxabiv111__terminateEPFvvE
                0x02006ab8       0x14 /opt/devkitpro/devkitARM/bin/../lib/gcc/arm-none-eabi/15.1.0/../../../../arm-none-eabi/lib/thumb/libstdc++.a(eh_terminate.o)
                0x02006ab8                __cxxabiv1::__terminate(void (*)())
 .text._ZSt13get_terminatev
                0x02006acc       0x40 /opt/devkitpro/devkitARM/bin/../lib/gcc/arm-none-eabi/15.1.0/../../../../arm-none-eabi/lib/thumb/libstdc++.a(eh_terminate.o)
                0x02006acc                std::get_terminate()
 .text._ZN10__cxxabiv112__unexpectedEPFvvE
                0x02006b0c        0xc /opt/devkitpro/devkitARM/bin/../lib/gcc/arm-none-eabi/15.1.0/../../../../arm-none-eabi/lib/thumb/libstdc++.a(eh_terminate.o)
                0x02006b0c                __cxxabiv1::__unexpected(void (*)())
 .text._ZSt14get_unexpectedv
                0x02006b18       0x40 /opt/devkitpro/devkitARM/bin/../lib/gcc/arm-none-eabi/15.1.0/../../../../arm-none-eabi/lib/thumb/libstdc++.a(eh_terminate.o)
                0x02006b18                std::get_unexpected()
 .text._ZL23__gxx_exception_cleanup19_Unwind_Reason_CodeP21_Unwind_Control_Block
                0x02006b58       0x58 /opt/devkitpro/devkitARM/bin/../lib/gcc/arm-none-eabi/15.1.0/../../../../arm-none-eabi/lib/thumb/libstdc++.a(eh_throw.o)
 .text.__cxa_init_primary_exception
                0x02006bb0       0x50 /opt/devkitpro/devkitARM/bin/../lib/gcc/arm-none-eabi/15.1.0/../../../../arm-none-eabi/lib/thumb/libstdc++.a(eh_throw.o)
                0x02006bb0                __cxa_init_primary_exception
 .text.__cxa_throw
                0x02006c00       0x34 /opt/devkitpro/devkitARM/bin/../lib/gcc/arm-none-eabi/15.1.0/../../../../arm-none-eabi/lib/thumb/libstdc++.a(eh_throw.o)
                0x02006c00                __cxa_throw
 .text.__cxa_rethrow
                0x02006c34       0x70 /opt/devkitpro/devkitARM/bin/../lib/gcc/arm-none-eabi/15.1.0/../../../../arm-none-eabi/lib/thumb/libstdc++.a(eh_throw.o)
                0x02006c34                __cxa_rethrow
 .text._ZN9__gnu_cxx18__exchange_and_addEPVii
                0x02006ca4       0x98 /opt/devkitpro/devkitARM/bin/../lib/gcc/arm-none-eabi/15.1.0/../../../../arm-none-eabi/lib/thumb/libstdc++.a(atomicity.o)
                0x02006ca4                __gnu_cxx::__exchange_and_add(int volatile*, int)
 .text._ZdlPv   0x02006d3c        0xc /opt/devkitpro/devkitARM/bin/../lib/gcc/arm-none-eabi/15.1.0/../../../../arm-none-eabi/lib/thumb/libstdc++.a(del_op.o)
                0x02006d3c                operator delete(void*)
 .text.__cxa_begin_catch
                0x02006d48       0x78 /opt/devkitpro/devkitARM/bin/../lib/gcc/arm-none-eabi/15.1.0/../../../../arm-none-eabi/lib/thumb/libstdc++.a(eh_catch.o)
                0x02006d48                __cxa_begin_catch
 .text.__cxa_end_catch
                0x02006dc0       0x94 /opt/devkitpro/devkitARM/bin/../lib/gcc/arm-none-eabi/15.1.0/../../../../arm-none-eabi/lib/thumb/libstdc++.a(eh_catch.o)
                0x02006dc0                __cxa_end_catch
 .text          0x02006e54      0x150 /opt/devkitpro/devkitARM/bin/../lib/gcc/arm-none-eabi/15.1.0/thumb/libgcc.a(_divsi3.o)
                0x02006e54                __aeabi_idiv
                0x02006e54                __divsi3
                0x02006f84                __aeabi_idivmod
 .text          0x02006fa4        0x4 /opt/devkitpro/devkitARM/bin/../lib/gcc/arm-none-eabi/15.1.0/thumb/libgcc.a(_dvmd_tls.o)
                0x02006fa4                __aeabi_ldiv0
                0x02006fa4                __aeabi_idiv0
 .text          0x02006fa8      0x424 /opt/devkitpro/devkitARM/bin/../lib/gcc/arm-none-eabi/15.1.0/thumb/libgcc.a(_arm_addsubdf3.o)
                0x02006fa8                __aeabi_drsub
                0x02006fb0                __aeabi_dsub
                0x02006fb0                __subdf3
                0x02006fb4                __adddf3
                0x02006fb4                __aeabi_dadd
                0x020072c4                __aeabi_ui2d
                0x020072c4                __floatunsidf
                0x020072e8                __floatsidf
                0x020072e8                __aeabi_i2d
                0x02007310                __extendsfdf2
                0x02007310                __aeabi_f2d
                0x02007358                __aeabi_ul2d
                0x02007358                __floatundidf
                0x0200736c                __floatdidf
                0x0200736c                __aeabi_l2d
 .text          0x020073cc      0x49c /opt/devkitpro/devkitARM/bin/../lib/gcc/arm-none-eabi/15.1.0/thumb/libgcc.a(_arm_muldivdf3.o)
                0x020073cc                __aeabi_dmul
                0x020073cc                __muldf3
                0x0200765c                __aeabi_ddiv
                0x0200765c                __divdf3
 .text          0x02007868       0x5c /opt/devkitpro/devkitARM/bin/../lib/gcc/arm-none-eabi/15.1.0/thumb/libgcc.a(_arm_fixdfsi.o)
                0x02007868                __fixdfsi
                0x02007868                __aeabi_d2iz
 .text          0x020078c4      0x2ac /opt/devkitpro/devkitARM/bin/../lib/gcc/arm-none-eabi/15.1.0/thumb/libgcc.a(_arm_addsubsf3.o)
                0x020078c4                __aeabi_frsub
                0x020078cc                __subsf3
                0x020078cc                __aeabi_fsub
                0x020078d0                __aeabi_fadd
                0x020078d0                __addsf3
                0x02007a8c                __aeabi_ui2f
                0x02007a8c                __floatunsisf
                0x02007a94                __aeabi_i2f
                0x02007a94                __floatsisf
                0x02007ab4                __floatundisf
                0x02007ab4                __aeabi_ul2f
                0x02007ac4                __floatdisf
                0x02007ac4                __aeabi_l2f
 .text          0x02007b70      0x2f8 /opt/devkitpro/devkitARM/bin/../lib/gcc/arm-none-eabi/15.1.0/thumb/libgcc.a(_arm_muldivsf3.o)
                0x02007b70                __mulsf3
                0x02007b70                __aeabi_fmul
                0x02007d08                __divsf3
                0x02007d08                __aeabi_fdiv
 .text          0x02007e68       0x5c /opt/devkitpro/devkitARM/bin/../lib/gcc/arm-none-eabi/15.1.0/thumb/libgcc.a(_arm_fixsfsi.o)
                0x02007e68                __fixsfsi
                0x02007e68                __aeabi_f2iz
 .text          0x02007ec4       0x54 /opt/devkitpro/devkitARM/bin/../lib/gcc/arm-none-eabi/15.1.0/thumb/libgcc.a(_arm_fixunssfsi.o)
                0x02007ec4                __aeabi_f2uiz
                0x02007ec4                __fixunssfsi
 .text          0x02007f18       0x3c /opt/devkitpro/devkitARM/bin/../lib/gcc/arm-none-eabi/15.1.0/thumb/libgcc.a(_aeabi_uldivmod.o)
                0x02007f18                __aeabi_uldivmod
 .text          0x02007f54        0x4 /opt/devkitpro/devkitARM/bin/../lib/gcc/arm-none-eabi/15.1.0/thumb/libgcc.a(_sync_none.o)
                0x02007f54                __sync_synchronize_none
 .text.__muldi3
                0x02007f58       0x58 /opt/devkitpro/devkitARM/bin/../lib/gcc/arm-none-eabi/15.1.0/thumb/libgcc.a(_muldi3.o)
                0x02007f58                __aeabi_lmul
                0x02007f58                __muldi3
 .text.__udivmoddi4
                0x02007fb0      0x194 /opt/devkitpro/devkitARM/bin/../lib/gcc/arm-none-eabi/15.1.0/thumb/libgcc.a(_udivmoddi4.o)
                0x02007fb0                __udivmoddi4
 .text.selfrel_offset31
                0x02008144       0x18 /opt/devkitpro/devkitARM/bin/../lib/gcc/arm-none-eabi/15.1.0/thumb/libgcc.a(unwind-arm.o)
 .text.search_EIT_table
                0x0200815c       0x74 /opt/devkitpro/devkitARM/bin/../lib/gcc/arm-none-eabi/15.1.0/thumb/libgcc.a(unwind-arm.o)
 .text.__gnu_unwind_get_pr_addr
                0x020081d0       0x28 /opt/devkitpro/devkitARM/bin/../lib/gcc/arm-none-eabi/15.1.0/thumb/libgcc.a(unwind-arm.o)
 .text.get_eit_entry
                0x020081f8       0x98 /opt/devkitpro/devkitARM/bin/../lib/gcc/arm-none-eabi/15.1.0/thumb/libgcc.a(unwind-arm.o)
 .text.restore_non_core_regs
                0x02008290       0x60 /opt/devkitpro/devkitARM/bin/../lib/gcc/arm-none-eabi/15.1.0/thumb/libgcc.a(unwind-arm.o)
 .text._Unwind_decode_typeinfo_ptr.constprop.0
                0x020082f0        0xc /opt/devkitpro/devkitARM/bin/../lib/gcc/arm-none-eabi/15.1.0/thumb/libgcc.a(unwind-arm.o)
 .text._Unwind_DebugHook
                0x020082fc        0x4 /opt/devkitpro/devkitARM/bin/../lib/gcc/arm-none-eabi/15.1.0/thumb/libgcc.a(unwind-arm.o)
 .text.unwind_phase2
                0x02008300       0x40 /opt/devkitpro/devkitARM/bin/../lib/gcc/arm-none-eabi/15.1.0/thumb/libgcc.a(unwind-arm.o)
 .text.unwind_phase2_forced
                0x02008340       0xe0 /opt/devkitpro/devkitARM/bin/../lib/gcc/arm-none-eabi/15.1.0/thumb/libgcc.a(unwind-arm.o)
 .text.__gnu_Unwind_RaiseException
                0x02008420       0x58 /opt/devkitpro/devkitARM/bin/../lib/gcc/arm-none-eabi/15.1.0/thumb/libgcc.a(unwind-arm.o)
                0x02008420                __gnu_Unwind_RaiseException
 .text.__gnu_Unwind_ForcedUnwind
                0x02008478       0x18 /opt/devkitpro/devkitARM/bin/../lib/gcc/arm-none-eabi/15.1.0/thumb/libgcc.a(unwind-arm.o)
                0x02008478                __gnu_Unwind_ForcedUnwind
 .text.__gnu_Unwind_Resume
                0x02008490       0x4c /opt/devkitpro/devkitARM/bin/../lib/gcc/arm-none-eabi/15.1.0/thumb/libgcc.a(unwind-arm.o)
                0x02008490                __gnu_Unwind_Resume
 .text.__gnu_Unwind_Resume_or_Rethrow
                0x020084dc       0x20 /opt/devkitpro/devkitARM/bin/../lib/gcc/arm-none-eabi/15.1.0/thumb/libgcc.a(unwind-arm.o)
                0x020084dc                __gnu_Unwind_Resume_or_Rethrow
 .text._Unwind_Complete
                0x020084fc        0x4 /opt/devkitpro/devkitARM/bin/../lib/gcc/arm-none-eabi/15.1.0/thumb/libgcc.a(unwind-arm.o)
                0x020084fc                _Unwind_Complete
 .text._Unwind_DeleteException
                0x02008500       0x18 /opt/devkitpro/devkitARM/bin/../lib/gcc/arm-none-eabi/15.1.0/thumb/libgcc.a(unwind-arm.o)
                0x02008500                _Unwind_DeleteException
 .text._Unwind_VRS_Get
                0x02008518       0x44 /opt/devkitpro/devkitARM/bin/../lib/gcc/arm-none-eabi/15.1.0/thumb/libgcc.a(unwind-arm.o)
                0x02008518                _Unwind_VRS_Get
 .text._Unwind_GetGR
                0x0200855c       0x1c /opt/devkitpro/devkitARM/bin/../lib/gcc/arm-none-eabi/15.1.0/thumb/libgcc.a(unwind-arm.o)
 .text._Unwind_VRS_Set
                0x02008578       0x44 /opt/devkitpro/devkitARM/bin/../lib/gcc/arm-none-eabi/15.1.0/thumb/libgcc.a(unwind-arm.o)
                0x02008578                _Unwind_VRS_Set
 .text._Unwind_SetGR
                0x020085bc       0x1c /opt/devkitpro/devkitARM/bin/../lib/gcc/arm-none-eabi/15.1.0/thumb/libgcc.a(unwind-arm.o)
 .text.__gnu_Unwind_Backtrace
                0x020085d8       0x78 /opt/devkitpro/devkitARM/bin/../lib/gcc/arm-none-eabi/15.1.0/thumb/libgcc.a(unwind-arm.o)
                0x020085d8                __gnu_Unwind_Backtrace
 .text.__gnu_unwind_pr_common
                0x02008650      0x2d0 /opt/devkitpro/devkitARM/bin/../lib/gcc/arm-none-eabi/15.1.0/thumb/libgcc.a(unwind-arm.o)
 .text.__aeabi_unwind_cpp_pr0
                0x02008920       0x10 /opt/devkitpro/devkitARM/bin/../lib/gcc/arm-none-eabi/15.1.0/thumb/libgcc.a(unwind-arm.o)
                0x02008920                __aeabi_unwind_cpp_pr0
 .text.__aeabi_unwind_cpp_pr1
                0x02008930       0x10 /opt/devkitpro/devkitARM/bin/../lib/gcc/arm-none-eabi/15.1.0/thumb/libgcc.a(unwind-arm.o)
                0x02008930                __aeabi_unwind_cpp_pr1
 .text.__aeabi_unwind_cpp_pr2
                0x02008940       0x10 /opt/devkitpro/devkitARM/bin/../lib/gcc/arm-none-eabi/15.1.0/thumb/libgcc.a(unwind-arm.o)
                0x02008940                __aeabi_unwind_cpp_pr2
 .text._Unwind_VRS_Pop
                0x02008950      0x2f8 /opt/devkitpro/devkitARM/bin/../lib/gcc/arm-none-eabi/15.1.0/thumb/libgcc.a(unwind-arm.o)
                0x02008950                _Unwind_VRS_Pop
 .text          0x02008c48      0x1d8 /opt/devkitpro/devkitARM/bin/../lib/gcc/arm-none-eabi/15.1.0/thumb/libgcc.a(libunwind.o)
                0x02008c48                __restore_core_regs
                0x02008c48                restore_core_regs
                0x02008c64                __gnu_Unwind_Restore_VFP
                0x02008c6c                __gnu_Unwind_Save_VFP
                0x02008c74                __gnu_Unwind_Restore_VFP_D
                0x02008c7c                __gnu_Unwind_Save_VFP_D
                0x02008c84                __gnu_Unwind_Restore_VFP_D_16_to_31
                0x02008c8c                __gnu_Unwind_Save_VFP_D_16_to_31
                0x02008c94                __gnu_Unwind_Restore_WMMXD
                0x02008cd8                __gnu_Unwind_Save_WMMXD
                0x02008d1c                __gnu_Unwind_Restore_WMMXC
                0x02008d30                __gnu_Unwind_Save_WMMXC
                0x02008d44                ___Unwind_RaiseException
                0x02008d44                _Unwind_RaiseException
                0x02008d70                ___Unwind_Resume
                0x02008d70                _Unwind_Resume
                0x02008d9c                _Unwind_Resume_or_Rethrow
                0x02008d9c                ___Unwind_Resume_or_Rethrow
                0x02008dc8                ___Unwind_ForcedUnwind
                0x02008dc8                _Unwind_ForcedUnwind
                0x02008df4                _Unwind_Backtrace
                0x02008df4                ___Unwind_Backtrace
 .text.next_unwind_byte
                0x02008e20       0x34 /opt/devkitpro/devkitARM/bin/../lib/gcc/arm-none-eabi/15.1.0/thumb/libgcc.a(pr-support.o)
 .text._Unwind_GetGR.constprop.0
                0x02008e54       0x1c /opt/devkitpro/devkitARM/bin/../lib/gcc/arm-none-eabi/15.1.0/thumb/libgcc.a(pr-support.o)
 .text.unwind_UCB_from_context
                0x02008e70        0xc /opt/devkitpro/devkitARM/bin/../lib/gcc/arm-none-eabi/15.1.0/thumb/libgcc.a(pr-support.o)
 .text.__gnu_unwind_execute
                0x02008e7c      0x304 /opt/devkitpro/devkitARM/bin/../lib/gcc/arm-none-eabi/15.1.0/thumb/libgcc.a(pr-support.o)
                0x02008e7c                __gnu_unwind_execute
 .text.__gnu_unwind_frame
                0x02009180       0x2c /opt/devkitpro/devkitARM/bin/../lib/gcc/arm-none-eabi/15.1.0/thumb/libgcc.a(pr-support.o)
                0x02009180                __gnu_unwind_frame
 .text._Unwind_GetRegionStart
                0x020091ac       0x10 /opt/devkitpro/devkitARM/bin/../lib/gcc/arm-none-eabi/15.1.0/thumb/libgcc.a(pr-support.o)
                0x020091ac                _Unwind_GetRegionStart
 .text._Unwind_GetLanguageSpecificData
                0x020091bc       0x18 /opt/devkitpro/devkitARM/bin/../lib/gcc/arm-none-eabi/15.1.0/thumb/libgcc.a(pr-support.o)
                0x020091bc                _Unwind_GetLanguageSpecificData
 .text          0x020091d4       0x28 /opt/devkitpro/devkitARM/bin/../lib/gcc/arm-none-eabi/15.1.0/thumb/libgcc.a(_clzdi2.o)
                0x020091d4                __clzdi2
 .text          0x020091fc       0x48 /opt/devkitpro/devkitARM/bin/../lib/gcc/arm-none-eabi/15.1.0/thumb/libgcc.a(_clzsi2.o)
                0x020091fc                __clzsi2
 .text.strchr   0x02009244       0xbc /opt/devkitpro/devkitARM/bin/../lib/gcc/arm-none-eabi/15.1.0/../../../../arm-none-eabi/lib/thumb/libg.a(libc_a-strchr.o)
                0x02009244                strchr
 .text.getenv   0x02009300       0x1c /opt/devkitpro/devkitARM/bin/../lib/gcc/arm-none-eabi/15.1.0/../../../../arm-none-eabi/lib/thumb/libg.a(libc_a-getenv.o)
                0x02009300                getenv
 .text.memcmp   0x0200931c       0x48 /opt/devkitpro/devkitARM/bin/../lib/gcc/arm-none-eabi/15.1.0/../../../../arm-none-eabi/lib/thumb/libg.a(libc_a-memcmp.o)
                0x0200931c                memcmp
 .text._strtoul_l.isra.0
                0x02009364      0x150 /opt/devkitpro/devkitARM/bin/../lib/gcc/arm-none-eabi/15.1.0/../../../../arm-none-eabi/lib/thumb/libg.a(libc_a-strtoul.o)
 .text._strtoul_r
                0x020094b4       0x20 /opt/devkitpro/devkitARM/bin/../lib/gcc/arm-none-eabi/15.1.0/../../../../arm-none-eabi/lib/thumb/libg.a(libc_a-strtoul.o)
                0x020094b4                _strtoul_r
 .text.strtoul  0x020094d4       0x24 /opt/devkitpro/devkitARM/bin/../lib/gcc/arm-none-eabi/15.1.0/../../../../arm-none-eabi/lib/thumb/libg.a(libc_a-strtoul.o)
                0x020094d4                strtoul
 .text.__libc_init_array
                0x020094f8       0x54 /opt/devkitpro/devkitARM/bin/../lib/gcc/arm-none-eabi/15.1.0/../../../../arm-none-eabi/lib/thumb/libg.a(libc_a-init.o)
                0x020094f8                __libc_init_array
 .text.calloc   0x0200954c       0x18 /opt/devkitpro/devkitARM/bin/../lib/gcc/arm-none-eabi/15.1.0/../../../../arm-none-eabi/lib/thumb/libg.a(libc_a-calloc.o)
                0x0200954c                calloc
 .text.siscanf  0x02009564       0x50 /opt/devkitpro/devkitARM/bin/../lib/gcc/arm-none-eabi/15.1.0/../../../../arm-none-eabi/lib/thumb/libg.a(libc_a-siscanf.o)
                0x02009564                siscanf
 .text.abort    0x020095b4       0x10 /opt/devkitpro/devkitARM/bin/../lib/gcc/arm-none-eabi/15.1.0/../../../../arm-none-eabi/lib/thumb/libg.a(libc_a-abort.o)
                0x020095b4                abort
 .text._puts_r  0x020095c4       0x88 /opt/devkitpro/devkitARM/bin/../lib/gcc/arm-none-eabi/15.1.0/../../../../arm-none-eabi/lib/thumb/libg.a(libc_a-puts.o)
                0x020095c4                _puts_r
 .text.puts     0x0200964c       0x14 /opt/devkitpro/devkitARM/bin/../lib/gcc/arm-none-eabi/15.1.0/../../../../arm-none-eabi/lib/thumb/libg.a(libc_a-puts.o)
                0x0200964c                puts
 .text._calloc_r
                0x02009660       0xcc /opt/devkitpro/devkitARM/bin/../lib/gcc/arm-none-eabi/15.1.0/../../../../arm-none-eabi/lib/thumb/libg.a(libc_a-callocr.o)
                0x02009660                _calloc_r
 .text.realloc  0x0200972c       0x18 /opt/devkitpro/devkitARM/bin/../lib/gcc/arm-none-eabi/15.1.0/../../../../arm-none-eabi/lib/thumb/libg.a(libc_a-realloc.o)
                0x0200972c                realloc
 .text._malloc_r
                0x02009744      0x550 /opt/devkitpro/devkitARM/bin/../lib/gcc/arm-none-eabi/15.1.0/../../../../arm-none-eabi/lib/thumb/libg.a(libc_a-mallocr.o)
                0x02009744                _malloc_r
 .text._malloc_trim_r
                0x02009c94       0xac /opt/devkitpro/devkitARM/bin/../lib/gcc/arm-none-eabi/15.1.0/../../../../arm-none-eabi/lib/thumb/libg.a(libc_a-freer.o)
                0x02009c94                _malloc_trim_r
 .text._free_r  0x02009d40      0x1d8 /opt/devkitpro/devkitARM/bin/../lib/gcc/arm-none-eabi/15.1.0/../../../../arm-none-eabi/lib/thumb/libg.a(libc_a-freer.o)
                0x02009d40                _free_r
 .text.printf   0x02009f18       0x28 /opt/devkitpro/devkitARM/bin/../lib/gcc/arm-none-eabi/15.1.0/../../../../arm-none-eabi/lib/thumb/libg.a(libc_a-printf.o)
                0x02009f18                printf
 .text.malloc   0x02009f40       0x28 /opt/devkitpro/devkitARM/bin/../lib/gcc/arm-none-eabi/15.1.0/../../../../arm-none-eabi/lib/thumb/libg.a(libc_a-malloc.o)
                0x02009f40                malloc
 .text.free     0x02009f68       0x14 /opt/devkitpro/devkitARM/bin/../lib/gcc/arm-none-eabi/15.1.0/../../../../arm-none-eabi/lib/thumb/libg.a(libc_a-malloc.o)
                0x02009f68                free
 .text._findenv_r
                0x02009f7c       0x94 /opt/devkitpro/devkitARM/bin/../lib/gcc/arm-none-eabi/15.1.0/../../../../arm-none-eabi/lib/thumb/libg.a(libc_a-getenv_r.o)
                0x02009f7c                _findenv_r
 .text.memset   0x0200a010       0x8c /opt/devkitpro/devkitARM/bin/../lib/gcc/arm-none-eabi/15.1.0/../../../../arm-none-eabi/lib/thumb/libg.a(libc_a-memset.o)
                0x0200a010                memset
 .text._realloc_r
                0x0200a09c      0x344 /opt/devkitpro/devkitARM/bin/../lib/gcc/arm-none-eabi/15.1.0/../../../../arm-none-eabi/lib/thumb/libg.a(libc_a-reallocr.o)
                0x0200a09c                _realloc_r
 .text.__malloc_lock
                0x0200a3e0       0x14 /opt/devkitpro/devkitARM/bin/../lib/gcc/arm-none-eabi/15.1.0/../../../../arm-none-eabi/lib/thumb/libg.a(libc_a-mlock.o)
                0x0200a3e0                __malloc_lock
 .text.__malloc_unlock
                0x0200a3f4       0x14 /opt/devkitpro/devkitARM/bin/../lib/gcc/arm-none-eabi/15.1.0/../../../../arm-none-eabi/lib/thumb/libg.a(libc_a-mlock.o)
                0x0200a3f4                __malloc_unlock
 .text          0x0200a408      0x224 /opt/devkitpro/devkitARM/bin/../lib/gcc/arm-none-eabi/15.1.0/../../../../arm-none-eabi/lib/thumb/libg.a(libc_a-strcmp.o)
                0x0200a408                strcmp
 .text.__call_exitprocs
                0x0200a62c        0xc /opt/devkitpro/devkitARM/bin/../lib/gcc/arm-none-eabi/15.1.0/../../../../arm-none-eabi/lib/thumb/libg.a(libc_a-exit.o)
                0x0200a62c                __call_exitprocs
 .text.setvbuf  0x0200a638      0x1ac /opt/devkitpro/devkitARM/bin/../lib/gcc/arm-none-eabi/15.1.0/../../../../arm-none-eabi/lib/thumb/libg.a(libc_a-setvbuf.o)
                0x0200a638                setvbuf
 .text.memcpy   0x0200a7e4       0xb0 /opt/devkitpro/devkitARM/bin/../lib/gcc/arm-none-eabi/15.1.0/../../../../arm-none-eabi/lib/thumb/libg.a(libc_a-memcpy-stub.o)
                0x0200a7e4                memcpy
 .text.strncmp  0x0200a894       0x70 /opt/devkitpro/devkitARM/bin/../lib/gcc/arm-none-eabi/15.1.0/../../../../arm-none-eabi/lib/thumb/libg.a(libc_a-strncmp.o)
                0x0200a894                strncmp
 .text.__sfvwrite_r
                0x0200a904      0x31c /opt/devkitpro/devkitARM/bin/../lib/gcc/arm-none-eabi/15.1.0/../../../../arm-none-eabi/lib/thumb/libg.a(libc_a-fvwrite.o)
                0x0200a904                __sfvwrite_r
 .text.__sread  0x0200ac20       0x34 /opt/devkitpro/devkitARM/bin/../lib/gcc/arm-none-eabi/15.1.0/../../../../arm-none-eabi/lib/thumb/libg.a(libc_a-stdio.o)
                0x0200ac20                __sread
 .text.__seofread
                0x0200ac54        0x4 /opt/devkitpro/devkitARM/bin/../lib/gcc/arm-none-eabi/15.1.0/../../../../arm-none-eabi/lib/thumb/libg.a(libc_a-stdio.o)
                0x0200ac54                __seofread
 .text.__swrite
                0x0200ac58       0x4c /opt/devkitpro/devkitARM/bin/../lib/gcc/arm-none-eabi/15.1.0/../../../../arm-none-eabi/lib/thumb/libg.a(libc_a-stdio.o)
                0x0200ac58                __swrite
 .text.__sseek  0x0200aca4       0x3c /opt/devkitpro/devkitARM/bin/../lib/gcc/arm-none-eabi/15.1.0/../../../../arm-none-eabi/lib/thumb/libg.a(libc_a-stdio.o)
                0x0200aca4                __sseek
 .text.__sclose
                0x0200ace0       0x10 /opt/devkitpro/devkitARM/bin/../lib/gcc/arm-none-eabi/15.1.0/../../../../arm-none-eabi/lib/thumb/libg.a(libc_a-stdio.o)
                0x0200ace0                __sclose
 .text.memmove  0x0200acf0       0xcc /opt/devkitpro/devkitARM/bin/../lib/gcc/arm-none-eabi/15.1.0/../../../../arm-none-eabi/lib/thumb/libg.a(libc_a-memmove.o)
                0x0200acf0                memmove
 .text._raise_r
                0x0200adbc       0x60 /opt/devkitpro/devkitARM/bin/../lib/gcc/arm-none-eabi/15.1.0/../../../../arm-none-eabi/lib/thumb/libg.a(libc_a-signal.o)
                0x0200adbc                _raise_r
 .text.raise    0x0200ae1c       0x14 /opt/devkitpro/devkitARM/bin/../lib/gcc/arm-none-eabi/15.1.0/../../../../arm-none-eabi/lib/thumb/libg.a(libc_a-signal.o)
                0x0200ae1c                raise
 .text.__env_lock
                0x0200ae30       0x14 /opt/devkitpro/devkitARM/bin/../lib/gcc/arm-none-eabi/15.1.0/../../../../arm-none-eabi/lib/thumb/libg.a(libc_a-envlock.o)
                0x0200ae30                __env_lock
 .text.__env_unlock
                0x0200ae44       0x14 /opt/devkitpro/devkitARM/bin/../lib/gcc/arm-none-eabi/15.1.0/../../../../arm-none-eabi/lib/thumb/libg.a(libc_a-envlock.o)
                0x0200ae44                __env_unlock
 .text.get_arg  0x0200ae58      0x404 /opt/devkitpro/devkitARM/bin/../lib/gcc/arm-none-eabi/15.1.0/../../../../arm-none-eabi/lib/thumb/libg.a(libc_a-vfiprintf.o)
 .text._vfiprintf_r
                0x0200b25c     0x16d0 /opt/devkitpro/devkitARM/bin/../lib/gcc/arm-none-eabi/15.1.0/../../../../arm-none-eabi/lib/thumb/libg.a(libc_a-vfiprintf.o)
                0x0200b25c                _vfiprintf_r
 .text.__sbprintf
                0x0200c92c       0x7c /opt/devkitpro/devkitARM/bin/../lib/gcc/arm-none-eabi/15.1.0/../../../../arm-none-eabi/lib/thumb/libg.a(libc_a-vfiprintf.o)
 .text.strlen   0x0200c9a8       0x60 /opt/devkitpro/devkitARM/bin/../lib/gcc/arm-none-eabi/15.1.0/../../../../arm-none-eabi/lib/thumb/libg.a(libc_a-strlen.o)
                0x0200c9a8                strlen
 .text._memalign_r
                0x0200ca08      0x118 /opt/devkitpro/devkitARM/bin/../lib/gcc/arm-none-eabi/15.1.0/../../../../arm-none-eabi/lib/thumb/libg.a(libc_a-malignr.o)
                0x0200ca08                _memalign_r
 .text.get_arg  0x0200cb20       0x3e /opt/devkitpro/devkitARM/bin/../lib/gcc/arm-none-eabi/15.1.0/../../../../arm-none-eabi/lib/thumb/libg.a(libc_a-svfiscanf.o)
 .text._sungetc_r
                0x0200cb5e       0x7e /opt/devkitpro/devkitARM/bin/../lib/gcc/arm-none-eabi/15.1.0/../../../../arm-none-eabi/lib/thumb/libg.a(libc_a-svfiscanf.o)
                0x0200cb5e                _sungetc_r
 .text.__ssrefill_r
                0x0200cbdc       0x42 /opt/devkitpro/devkitARM/bin/../lib/gcc/arm-none-eabi/15.1.0/../../../../arm-none-eabi/lib/thumb/libg.a(libc_a-svfiscanf.o)
                0x0200cbdc                __ssrefill_r
 .text._sfread_r
                0x0200cc1e       0x88 /opt/devkitpro/devkitARM/bin/../lib/gcc/arm-none-eabi/15.1.0/../../../../arm-none-eabi/lib/thumb/libg.a(libc_a-svfiscanf.o)
                0x0200cc1e                _sfread_r
 *fill*         0x0200cca6        0x2 ff
 .text.__ssvfiscanf_r
                0x0200cca8     0x1984 /opt/devkitpro/devkitARM/bin/../lib/gcc/arm-none-eabi/15.1.0/../../../../arm-none-eabi/lib/thumb/libg.a(libc_a-svfiscanf.o)
                0x0200cca8                __ssvfiscanf_r
 .text.stdio_exit_handler
                0x0200e62c       0x20 /opt/devkitpro/devkitARM/bin/../lib/gcc/arm-none-eabi/15.1.0/../../../../arm-none-eabi/lib/thumb/libg.a(libc_a-findfp.o)
 .text.cleanup_stdio
                0x0200e64c       0x40 /opt/devkitpro/devkitARM/bin/../lib/gcc/arm-none-eabi/15.1.0/../../../../arm-none-eabi/lib/thumb/libg.a(libc_a-findfp.o)
 .text.global_stdio_init.part.0
                0x0200e68c      0x120 /opt/devkitpro/devkitARM/bin/../lib/gcc/arm-none-eabi/15.1.0/../../../../arm-none-eabi/lib/thumb/libg.a(libc_a-findfp.o)
 .text.__sinit  0x0200e7ac       0x3c /opt/devkitpro/devkitARM/bin/../lib/gcc/arm-none-eabi/15.1.0/../../../../arm-none-eabi/lib/thumb/libg.a(libc_a-findfp.o)
                0x0200e7ac                __sinit
 .text.__sfp_lock_acquire
                0x0200e7e8       0x14 /opt/devkitpro/devkitARM/bin/../lib/gcc/arm-none-eabi/15.1.0/../../../../arm-none-eabi/lib/thumb/libg.a(libc_a-findfp.o)
                0x0200e7e8                __sfp_lock_acquire
 .text.__sfp_lock_release
                0x0200e7fc       0x14 /opt/devkitpro/devkitARM/bin/../lib/gcc/arm-none-eabi/15.1.0/../../../../arm-none-eabi/lib/thumb/libg.a(libc_a-findfp.o)
                0x0200e7fc                __sfp_lock_release
 .text._fwalk_sglue
                0x0200e810       0x4c /opt/devkitpro/devkitARM/bin/../lib/gcc/arm-none-eabi/15.1.0/../../../../arm-none-eabi/lib/thumb/libg.a(libc_a-fwalk.o)
                0x0200e810                _fwalk_sglue
 .text.__sprint_r
                0x0200e85c       0x24 /opt/devkitpro/devkitARM/bin/../lib/gcc/arm-none-eabi/15.1.0/../../../../arm-none-eabi/lib/thumb/libg.a(libc_a-sprint_r.o)
                0x0200e85c                __sprint_r
 .text.iswspace
                0x0200e880       0x10 /opt/devkitpro/devkitARM/bin/../lib/gcc/arm-none-eabi/15.1.0/../../../../arm-none-eabi/lib/thumb/libg.a(libc_a-iswspace.o)
                0x0200e880                iswspace
 .text._localeconv_r
                0x0200e890       0x1c /opt/devkitpro/devkitARM/bin/../lib/gcc/arm-none-eabi/15.1.0/../../../../arm-none-eabi/lib/thumb/libg.a(libc_a-localeconv.o)
                0x0200e890                _localeconv_r
 .text.get_arg  0x0200e8ac      0x404 /opt/devkitpro/devkitARM/bin/../lib/gcc/arm-none-eabi/15.1.0/../../../../arm-none-eabi/lib/thumb/libg.a(libc_a-vfprintf.o)
 .text._vfprintf_r
                0x0200ecb0     0x2390 /opt/devkitpro/devkitARM/bin/../lib/gcc/arm-none-eabi/15.1.0/../../../../arm-none-eabi/lib/thumb/libg.a(libc_a-vfprintf.o)
                0x0200ecb0                _vfprintf_r
 .text.__sbprintf
                0x02011040       0x7c /opt/devkitpro/devkitARM/bin/../lib/gcc/arm-none-eabi/15.1.0/../../../../arm-none-eabi/lib/thumb/libg.a(libc_a-vfprintf.o)
 .text.memchr   0x020110bc       0x74 /opt/devkitpro/devkitARM/bin/../lib/gcc/arm-none-eabi/15.1.0/../../../../arm-none-eabi/lib/thumb/libg.a(libc_a-memchr-stub.o)
                0x020110bc                memchr
 .text.quorem   0x02011130      0x160 /opt/devkitpro/devkitARM/bin/../lib/gcc/arm-none-eabi/15.1.0/../../../../arm-none-eabi/lib/thumb/libg.a(libc_a-dtoa.o)
 .text._dtoa_r  0x02011290     0x10b0 /opt/devkitpro/devkitARM/bin/../lib/gcc/arm-none-eabi/15.1.0/../../../../arm-none-eabi/lib/thumb/libg.a(libc_a-dtoa.o)
                0x02011290                _dtoa_r
 .text._wcrtomb_r
                0x02012340       0x84 /opt/devkitpro/devkitARM/bin/../lib/gcc/arm-none-eabi/15.1.0/../../../../arm-none-eabi/lib/thumb/libg.a(libc_a-wcrtomb.o)
                0x02012340                _wcrtomb_r
 .text._strtol_l.part.0
                0x020123c4      0x25c /opt/devkitpro/devkitARM/bin/../lib/gcc/arm-none-eabi/15.1.0/../../../../arm-none-eabi/lib/thumb/libg.a(libc_a-strtol.o)
 .text._strtol_r
                0x02012620       0x34 /opt/devkitpro/devkitARM/bin/../lib/gcc/arm-none-eabi/15.1.0/../../../../arm-none-eabi/lib/thumb/libg.a(libc_a-strtol.o)
                0x02012620                _strtol_r
 .text.__libc_fini_array
                0x02012654       0x30 /opt/devkitpro/devkitARM/bin/../lib/gcc/arm-none-eabi/15.1.0/../../../../arm-none-eabi/lib/thumb/libg.a(libc_a-fini.o)
                0x02012654                __libc_fini_array
 .text.__sccl   0x02012684       0xb0 /opt/devkitpro/devkitARM/bin/../lib/gcc/arm-none-eabi/15.1.0/../../../../arm-none-eabi/lib/thumb/libg.a(libc_a-sccl.o)
                0x02012684                __sccl
 .text.__sflush_r
                0x02012734      0x180 /opt/devkitpro/devkitARM/bin/../lib/gcc/arm-none-eabi/15.1.0/../../../../arm-none-eabi/lib/thumb/libg.a(libc_a-fflush.o)
                0x02012734                __sflush_r
 .text._fflush_r
                0x020128b4       0x70 /opt/devkitpro/devkitARM/bin/../lib/gcc/arm-none-eabi/15.1.0/../../../../arm-none-eabi/lib/thumb/libg.a(libc_a-fflush.o)
                0x020128b4                _fflush_r
 .text.__smakebuf_r
                0x02012924       0xe0 /opt/devkitpro/devkitARM/bin/../lib/gcc/arm-none-eabi/15.1.0/../../../../arm-none-eabi/lib/thumb/libg.a(libc_a-makebuf.o)
                0x02012924                __smakebuf_r
 .text.__swhatbuf_r
                0x02012a04       0x5c /opt/devkitpro/devkitARM/bin/../lib/gcc/arm-none-eabi/15.1.0/../../../../arm-none-eabi/lib/thumb/libg.a(libc_a-makebuf.o)
                0x02012a04                __swhatbuf_r
 .text.strncpy  0x02012a60       0x68 /opt/devkitpro/devkitARM/bin/../lib/gcc/arm-none-eabi/15.1.0/../../../../arm-none-eabi/lib/thumb/libg.a(libc_a-strncpy.o)
                0x02012a60                strncpy
 .text._strtoull_l.isra.0
                0x02012ac8      0x1c0 /opt/devkitpro/devkitARM/bin/../lib/gcc/arm-none-eabi/15.1.0/../../../../arm-none-eabi/lib/thumb/libg.a(libc_a-strtoull.o)
 .text._strtoull_r
                0x02012c88       0x20 /opt/devkitpro/devkitARM/bin/../lib/gcc/arm-none-eabi/15.1.0/../../../../arm-none-eabi/lib/thumb/libg.a(libc_a-strtoull.o)
                0x02012c88                _strtoull_r
 .text._wcsrtombs_r
                0x02012ca8       0x20 /opt/devkitpro/devkitARM/bin/../lib/gcc/arm-none-eabi/15.1.0/../../../../arm-none-eabi/lib/thumb/libg.a(libc_a-wcsrtombs.o)
                0x02012ca8                _wcsrtombs_r
 .text._mbrtowc_r
                0x02012cc8       0x98 /opt/devkitpro/devkitARM/bin/../lib/gcc/arm-none-eabi/15.1.0/../../../../arm-none-eabi/lib/thumb/libg.a(libc_a-mbrtowc.o)
                0x02012cc8                _mbrtowc_r
 .text.__swsetup_r
                0x02012d60       0xd4 /opt/devkitpro/devkitARM/bin/../lib/gcc/arm-none-eabi/15.1.0/../../../../arm-none-eabi/lib/thumb/libg.a(libc_a-wsetup.o)
                0x02012d60                __swsetup_r
 .text.frexp    0x02012e34       0x74 /opt/devkitpro/devkitARM/bin/../lib/gcc/arm-none-eabi/15.1.0/../../../../arm-none-eabi/lib/thumb/libg.a(libm_a-s_frexp.o)
                0x02012e34                frexp
 .text.__assert_func
                0x02012ea8       0x40 /opt/devkitpro/devkitARM/bin/../lib/gcc/arm-none-eabi/15.1.0/../../../../arm-none-eabi/lib/thumb/libg.a(libc_a-assert.o)
                0x02012ea8                __assert_func
 .text.iswspace_l
                0x02012ee8       0x28 /opt/devkitpro/devkitARM/bin/../lib/gcc/arm-none-eabi/15.1.0/../../../../arm-none-eabi/lib/thumb/libg.a(libc_a-iswspace_l.o)
                0x02012ee8                iswspace_l
 .text._Balloc  0x02012f10       0x5c /opt/devkitpro/devkitARM/bin/../lib/gcc/arm-none-eabi/15.1.0/../../../../arm-none-eabi/lib/thumb/libg.a(libc_a-mprec.o)
                0x02012f10                _Balloc
 .text._Bfree   0x02012f6c       0x14 /opt/devkitpro/devkitARM/bin/../lib/gcc/arm-none-eabi/15.1.0/../../../../arm-none-eabi/lib/thumb/libg.a(libc_a-mprec.o)
                0x02012f6c                _Bfree
 .text.__multadd
                0x02012f80       0xa8 /opt/devkitpro/devkitARM/bin/../lib/gcc/arm-none-eabi/15.1.0/../../../../arm-none-eabi/lib/thumb/libg.a(libc_a-mprec.o)
                0x02012f80                __multadd
 .text.__hi0bits
                0x02013028       0x60 /opt/devkitpro/devkitARM/bin/../lib/gcc/arm-none-eabi/15.1.0/../../../../arm-none-eabi/lib/thumb/libg.a(libc_a-mprec.o)
                0x02013028                __hi0bits
 .text.__lo0bits
                0x02013088       0x8c /opt/devkitpro/devkitARM/bin/../lib/gcc/arm-none-eabi/15.1.0/../../../../arm-none-eabi/lib/thumb/libg.a(libc_a-mprec.o)
                0x02013088                __lo0bits
 .text.__i2b    0x02013114       0x64 /opt/devkitpro/devkitARM/bin/../lib/gcc/arm-none-eabi/15.1.0/../../../../arm-none-eabi/lib/thumb/libg.a(libc_a-mprec.o)
                0x02013114                __i2b
 .text.__multiply
                0x02013178      0x1b4 /opt/devkitpro/devkitARM/bin/../lib/gcc/arm-none-eabi/15.1.0/../../../../arm-none-eabi/lib/thumb/libg.a(libc_a-mprec.o)
                0x02013178                __multiply
 .text.__pow5mult
                0x0201332c       0xd8 /opt/devkitpro/devkitARM/bin/../lib/gcc/arm-none-eabi/15.1.0/../../../../arm-none-eabi/lib/thumb/libg.a(libc_a-mprec.o)
                0x0201332c                __pow5mult
 .text.__lshift
                0x02013404       0xf8 /opt/devkitpro/devkitARM/bin/../lib/gcc/arm-none-eabi/15.1.0/../../../../arm-none-eabi/lib/thumb/libg.a(libc_a-mprec.o)
                0x02013404                __lshift
 .text.__mcmp   0x020134fc       0x50 /opt/devkitpro/devkitARM/bin/../lib/gcc/arm-none-eabi/15.1.0/../../../../arm-none-eabi/lib/thumb/libg.a(libc_a-mprec.o)
                0x020134fc                __mcmp
 .text.__mdiff  0x0201354c      0x1a4 /opt/devkitpro/devkitARM/bin/../lib/gcc/arm-none-eabi/15.1.0/../../../../arm-none-eabi/lib/thumb/libg.a(libc_a-mprec.o)
                0x0201354c                __mdiff
 .text.__d2b    0x020136f0       0xd4 /opt/devkitpro/devkitARM/bin/../lib/gcc/arm-none-eabi/15.1.0/../../../../arm-none-eabi/lib/thumb/libg.a(libc_a-mprec.o)
                0x020136f0                __d2b
 .text._fclose_r
                0x020137c4       0xdc /opt/devkitpro/devkitARM/bin/../lib/gcc/arm-none-eabi/15.1.0/../../../../arm-none-eabi/lib/thumb/libg.a(libc_a-fclose.o)
                0x020137c4                _fclose_r
 .text._strtoll_l.isra.0
                0x020138a0      0x300 /opt/devkitpro/devkitARM/bin/../lib/gcc/arm-none-eabi/15.1.0/../../../../arm-none-eabi/lib/thumb/libg.a(libc_a-strtoll.o)
 .text._strtoll_r
                0x02013ba0       0x20 /opt/devkitpro/devkitARM/bin/../lib/gcc/arm-none-eabi/15.1.0/../../../../arm-none-eabi/lib/thumb/libg.a(libc_a-strtoll.o)
                0x02013ba0                _strtoll_r
 .text.__locale_mb_cur_max
                0x02013bc0       0x20 /opt/devkitpro/devkitARM/bin/../lib/gcc/arm-none-eabi/15.1.0/../../../../arm-none-eabi/lib/thumb/libg.a(libc_a-locale.o)
                0x02013bc0                __locale_mb_cur_max
 .text.__submore
                0x02013be0       0x7c /opt/devkitpro/devkitARM/bin/../lib/gcc/arm-none-eabi/15.1.0/../../../../arm-none-eabi/lib/thumb/libg.a(libc_a-ungetc.o)
                0x02013be0                __submore
 .text.fiprintf
                0x02013c5c       0x28 /opt/devkitpro/devkitARM/bin/../lib/gcc/arm-none-eabi/15.1.0/../../../../arm-none-eabi/lib/thumb/libg.a(libc_a-fiprintf.o)
                0x02013c5c                fiprintf
 .text._wcsnrtombs_l
                0x02013c84      0x11c /opt/devkitpro/devkitARM/bin/../lib/gcc/arm-none-eabi/15.1.0/../../../../arm-none-eabi/lib/thumb/libg.a(libc_a-wcsnrtombs.o)
                0x02013c84                _wcsnrtombs_l
 .text._wcsnrtombs_r
                0x02013da0       0x40 /opt/devkitpro/devkitARM/bin/../lib/gcc/arm-none-eabi/15.1.0/../../../../arm-none-eabi/lib/thumb/libg.a(libc_a-wcsnrtombs.o)
                0x02013da0                _wcsnrtombs_r
 .text.__utf8_mbtowc
                0x02013de0      0x24c /opt/devkitpro/devkitARM/bin/../lib/gcc/arm-none-eabi/15.1.0/../../../../arm-none-eabi/lib/thumb/libg.a(libc_a-mbtowc_r.o)
                0x02013de0                __utf8_mbtowc
 .text.category
                0x0201402c       0x5c /opt/devkitpro/devkitARM/bin/../lib/gcc/arm-none-eabi/15.1.0/../../../../arm-none-eabi/lib/thumb/libg.a(libc_a-categories.o)
                0x0201402c                category
 .text.__utf8_wctomb
                0x02014088       0xbc /opt/devkitpro/devkitARM/bin/../lib/gcc/arm-none-eabi/15.1.0/../../../../arm-none-eabi/lib/thumb/libg.a(libc_a-wctomb_r.o)
                0x02014088                __utf8_wctomb
 .text._exit    0x02014144       0x14 /opt/devkitpro/devkitARM/bin/../lib/gcc/arm-none-eabi/15.1.0/../../../../arm-none-eabi/lib/thumb/libsysbase.a(libsysbase_libsysbase_a-_exit.o)
                0x02014144                _exit
 .text._fstat_r
                0x02014158       0x5c /opt/devkitpro/devkitARM/bin/../lib/gcc/arm-none-eabi/15.1.0/../../../../arm-none-eabi/lib/thumb/libsysbase.a(libsysbase_libsysbase_a-fstat.o)
                0x02014158                _fstat_r
 .text._getpid_r
                0x020141b4        0xc /opt/devkitpro/devkitARM/bin/../lib/gcc/arm-none-eabi/15.1.0/../../../../arm-none-eabi/lib/thumb/libsysbase.a(libsysbase_libsysbase_a-getpid.o)
                0x020141b4                _getpid_r
 .text.__getreent
                0x020141c0       0x20 /opt/devkitpro/devkitARM/bin/../lib/gcc/arm-none-eabi/15.1.0/../../../../arm-none-eabi/lib/thumb/libsysbase.a(libsysbase_libsysbase_a-getreent.o)
                0x020141c0                __getreent
 .text.__get_handle
                0x020141e0       0x34 /opt/devkitpro/devkitARM/bin/../lib/gcc/arm-none-eabi/15.1.0/../../../../arm-none-eabi/lib/thumb/libsysbase.a(libsysbase_libsysbase_a-handle_manager.o)
                0x020141e0                __get_handle
 .text._close_r
                0x02014214       0xb0 /opt/devkitpro/devkitARM/bin/../lib/gcc/arm-none-eabi/15.1.0/../../../../arm-none-eabi/lib/thumb/libsysbase.a(libsysbase_libsysbase_a-handle_manager.o)
                0x02014214                _close_r
 .text.null_write
                0x020142c4        0x4 /opt/devkitpro/devkitARM/bin/../lib/gcc/arm-none-eabi/15.1.0/../../../../arm-none-eabi/lib/thumb/libsysbase.a(libsysbase_libsysbase_a-iosupport.o)
 .text._isatty_r
                0x020142c8        0x4 /opt/devkitpro/devkitARM/bin/../lib/gcc/arm-none-eabi/15.1.0/../../../../arm-none-eabi/lib/thumb/libsysbase.a(libsysbase_libsysbase_a-isatty.o)
                0x020142c8                _isatty_r
 .text._kill_r  0x020142cc        0xc /opt/devkitpro/devkitARM/bin/../lib/gcc/arm-none-eabi/15.1.0/../../../../arm-none-eabi/lib/thumb/libsysbase.a(libsysbase_libsysbase_a-kill.o)
                0x020142cc                _kill_r
 .text._lseek_r
                0x020142d8       0x64 /opt/devkitpro/devkitARM/bin/../lib/gcc/arm-none-eabi/15.1.0/../../../../arm-none-eabi/lib/thumb/libsysbase.a(libsysbase_libsysbase_a-lseek.o)
                0x020142d8                _lseek_r
 .text._read_r  0x0201433c       0x5c /opt/devkitpro/devkitARM/bin/../lib/gcc/arm-none-eabi/15.1.0/../../../../arm-none-eabi/lib/thumb/libsysbase.a(libsysbase_libsysbase_a-read.o)
                0x0201433c                _read_r
 .text._sbrk_r  0x02014398       0x50 /opt/devkitpro/devkitARM/bin/../lib/gcc/arm-none-eabi/15.1.0/../../../../arm-none-eabi/lib/thumb/libsysbase.a(libsysbase_libsysbase_a-sbrk.o)
                0x02014398                _sbrk_r
 .text.__libc_lock_acquire
                0x020143e8       0x18 /opt/devkitpro/devkitARM/bin/../lib/gcc/arm-none-eabi/15.1.0/../../../../arm-none-eabi/lib/thumb/libsysbase.a(libsysbase_libsysbase_a-syscall_support.o)
                0x020143e8                __libc_lock_acquire
 .text.__libc_lock_release
                0x02014400       0x18 /opt/devkitpro/devkitARM/bin/../lib/gcc/arm-none-eabi/15.1.0/../../../../arm-none-eabi/lib/thumb/libsysbase.a(libsysbase_libsysbase_a-syscall_support.o)
                0x02014400                __libc_lock_release
 .text.__libc_lock_acquire_recursive
                0x02014418       0x18 /opt/devkitpro/devkitARM/bin/../lib/gcc/arm-none-eabi/15.1.0/../../../../arm-none-eabi/lib/thumb/libsysbase.a(libsysbase_libsysbase_a-syscall_support.o)
                0x02014418                __libc_lock_acquire_recursive
 .text.__libc_lock_release_recursive
                0x02014430       0x18 /opt/devkitpro/devkitARM/bin/../lib/gcc/arm-none-eabi/15.1.0/../../../../arm-none-eabi/lib/thumb/libsysbase.a(libsysbase_libsysbase_a-syscall_support.o)
                0x02014430                __libc_lock_release_recursive
 .text._write_r
                0x02014448       0x5c /opt/devkitpro/devkitARM/bin/../lib/gcc/arm-none-eabi/15.1.0/../../../../arm-none-eabi/lib/thumb/libsysbase.a(libsysbase_libsysbase_a-write.o)
                0x02014448                _write_r
 .text          0x020144a4       0x14 /opt/devkitpro/devkitARM/bin/../lib/gcc/arm-none-eabi/15.1.0/thumb/libgcc.a(_thumb1_case_uqi.o)
                0x020144a4                __gnu_thumb1_case_uqi
 .text          0x020144b8       0x14 /opt/devkitpro/devkitARM/bin/../lib/gcc/arm-none-eabi/15.1.0/thumb/libgcc.a(_thumb1_case_uhi.o)
                0x020144b8                __gnu_thumb1_case_uhi
 .text          0x020144cc      0x11c /opt/devkitpro/devkitARM/bin/../lib/gcc/arm-none-eabi/15.1.0/thumb/libgcc.a(_udivsi3.o)
                0x020144cc                __udivsi3
                0x020144cc                __aeabi_uidiv
                0x020145c8                __aeabi_uidivmod
 .text          0x020145e8      0x144 /opt/devkitpro/devkitARM/bin/../lib/gcc/arm-none-eabi/15.1.0/thumb/libgcc.a(_arm_cmpdf2.o)
                0x020145e8                __gtdf2
                0x020145e8                __gedf2
                0x020145f0                __ltdf2
                0x020145f0                __ledf2
                0x020145f8                __cmpdf2
                0x020145f8                __eqdf2
                0x020145f8                __nedf2
                0x02014680                __aeabi_cdrcmple
                0x0201469c                __aeabi_cdcmple
                0x0201469c                __aeabi_cdcmpeq
                0x020146b4                __aeabi_dcmpeq
                0x020146cc                __aeabi_dcmplt
                0x020146e4                __aeabi_dcmple
                0x020146fc                __aeabi_dcmpge
                0x02014714                __aeabi_dcmpgt
 .text          0x0201472c       0x38 /opt/devkitpro/devkitARM/bin/../lib/gcc/arm-none-eabi/15.1.0/thumb/libgcc.a(_arm_unorddf2.o)
                0x0201472c                __aeabi_dcmpun
                0x0201472c                __unorddf2
 EXCLUDE_FILE(*.twl.*) *(.glue_7t .glue_7 .vfp11_veneer .v4_bx)
 .glue_7        0x02014764        0x0 linker stubs
 .glue_7t       0x02014764        0x0 linker stubs
 .vfp11_veneer  0x02014764        0x0 linker stubs
 .v4_bx         0x02014764        0x0 linker stubs
 *(SORT_NONE(.fini))
 .fini          0x02014764        0x4 /opt/devkitpro/devkitARM/bin/../lib/gcc/arm-none-eabi/15.1.0/thumb/crti.o
                0x02014764                _fini
 .fini          0x02014768        0x8 /opt/devkitpro/devkitARM/bin/../lib/gcc/arm-none-eabi/15.1.0/thumb/crtn.o
 .fini.__stub   0x02014770       0x10 linker stubs
 EXCLUDE_FILE(*.twl.*) *(.rodata .rodata.* .gnu.linkonce.r.*)
 .rodata.main.str1.4
                0x02014780      0x2b4 main.o
                                 0x37 (size before relaxing)
 .rodata._ZL9CUBE_MESH
                0x02014a34       0x10 main.o
 .rodata._ZL9CUBE_TRIS
                0x02014a44       0x90 main.o
 .rodata._ZL13CUBE_VERTICES
                0x02014ad4       0xa0 main.o
 .rodata.con_write.str1.4
                0x02014b74       0x30 /opt/devkitpro/libnds/lib/libnds9.a(console.o)
 .rodata.con_write
                0x02014b74       0xd4 /opt/devkitpro/libnds/lib/libnds9.a(console.o)
 .rodata.str1.4
                0x02014c48       0x14 /opt/devkitpro/libnds/lib/libnds9.a(console.o)
 .rodata.dotab_stdout
                0x02014c48       0x80 /opt/devkitpro/libnds/lib/libnds9.a(console.o)
 .rodata.TAN_LUT
                0x02014cc8      0x204 /opt/devkitpro/libnds/lib/libnds9.a(trig.o)
                0x02014cc8                TAN_LUT
 .rodata.SIN_LUT
                0x02014ecc      0x102 /opt/devkitpro/libnds/lib/libnds9.a(trig.o)
                0x02014ecc                SIN_LUT
 *fill*         0x02014fce        0x2 ff
 .rodata        0x02014fd0       0x24 /opt/devkitpro/libnds/lib/libnds9.a(videoGL.o)
 .rodata.default_font_bin
                0x02014ff4      0x800 /opt/devkitpro/libnds/lib/libnds9.a(default_font.bin.o)
                0x02014ff4                default_font_bin
                0x020157f4                default_font_bin_end
 .rodata._ZNK9__gnu_cxx24__concurrence_lock_error4whatEv.str1.4
                0x020157f4       0x24 /opt/devkitpro/devkitARM/bin/../lib/gcc/arm-none-eabi/15.1.0/../../../../arm-none-eabi/lib/thumb/libstdc++.a(guard.o)
 .rodata._ZNK9__gnu_cxx26__concurrence_unlock_error4whatEv.str1.4
                0x020157f4       0x26 /opt/devkitpro/devkitARM/bin/../lib/gcc/arm-none-eabi/15.1.0/../../../../arm-none-eabi/lib/thumb/libstdc++.a(guard.o)
 .rodata._ZNK9__gnu_cxx29__concurrence_broadcast_error4whatEv.str1.4
                0x020157f4       0x29 /opt/devkitpro/devkitARM/bin/../lib/gcc/arm-none-eabi/15.1.0/../../../../arm-none-eabi/lib/thumb/libstdc++.a(guard.o)
 .rodata._ZNK9__gnu_cxx24__concurrence_wait_error4whatEv.str1.4
                0x020157f4       0x24 /opt/devkitpro/devkitARM/bin/../lib/gcc/arm-none-eabi/15.1.0/../../../../arm-none-eabi/lib/thumb/libstdc++.a(guard.o)
 .rodata._ZTSN9__gnu_cxx24__concurrence_lock_errorE
                0x020157f4       0x27 /opt/devkitpro/devkitARM/bin/../lib/gcc/arm-none-eabi/15.1.0/../../../../arm-none-eabi/lib/thumb/libstdc++.a(guard.o)